ARM Linker, 5.03 [Build 76] [MDK-ARM Professional]

==============================================================================

Section Cross References

    startup.o(STACK) refers (Special) to heapauxi.o(.text) for __use_two_region_memory
    startup.o(HEAP) refers (Special) to heapauxi.o(.text) for __use_two_region_memory
    startup.o(RESET) refers (Special) to heapauxi.o(.text) for __use_two_region_memory
    startup.o(RESET) refers to startup.o(STACK) for StackMem
    startup.o(RESET) refers to spaceinvaders.o(i.SysTick_Handler) for SysTick_Handler
    startup.o(RESET) refers to timer0.o(i.Timer0A_Handler) for Timer0A_Handler
    startup.o(RESET) refers to sound.o(i.Timer1A_Handler) for Timer1A_Handler
    startup.o(RESET) refers to texas.o(.text) for Timer4A_Handler
    startup.o(RESET) refers to __main.o(!!!main) for __main
    startup.o(.text) refers (Special) to heapauxi.o(.text) for __use_two_region_memory
    startup.o(.text) refers to startup.o(HEAP) for HeapMem
    startup.o(.text) refers to startup.o(STACK) for StackMem
    random.o(.text) refers to random.o(DATA) for M
    print.o(.text) refers (Special) to st7735.o(i.ST7735_OutString) for ST7735_OutString
    print.o(.text) refers to st7735.o(i.ST7735_OutChar) for ST7735_OutChar
    timer0.o(i.Timer0A_Handler) refers to timer0.o(.data) for PeriodicTask0
    timer0.o(i.Timer0_Init) refers to timer0.o(.data) for PeriodicTask0
    timer1.o(i.Timer1_Init) refers to timer1.o(.data) for PeriodicTask1
    sound.o(i.Sound_Beat) refers to sound.o(i.Sound_Play) for Sound_Play
    sound.o(i.Sound_Beat) refers to sound.o(.data) for repeat
    sound.o(i.Sound_Init) refers to dac.o(i.DAC_Init) for DAC_Init
    sound.o(i.Sound_Init) refers to timer1.o(i.Timer1_Init) for Timer1_Init
    sound.o(i.Sound_Init) refers to sound.o(.data) for Index
    sound.o(i.Sound_Play) refers to sound.o(.data) for length
    sound.o(i.Timer1A_Handler) refers to dac.o(i.DAC_Out) for DAC_Out
    sound.o(i.Timer1A_Handler) refers to sound.o(.data) for Index
    spaceinvaders.o(i.Centipede_Init) refers to st7735.o(i.ST7735_DrawBitmap) for ST7735_DrawBitmap
    spaceinvaders.o(i.Centipede_Init) refers to spaceinvaders.o(.bss) for Centipede
    spaceinvaders.o(i.Centipede_Init) refers to spaceinvaders.o(.constdata) for HeadGreen2right
    spaceinvaders.o(i.Centipede_Move) refers to spaceinvaders.o(.bss) for Centipede
    spaceinvaders.o(i.Centipede_Update) refers to st7735.o(i.ST7735_DrawBitmap) for ST7735_DrawBitmap
    spaceinvaders.o(i.Centipede_Update) refers to spaceinvaders.o(.bss) for Centipede
    spaceinvaders.o(i.Centipede_Update) refers to spaceinvaders.o(.constdata) for BodyGreen2down
    spaceinvaders.o(i.Centipede_Update) refers to spaceinvaders.o(.data) for size
    spaceinvaders.o(i.Collision_Detection) refers to spaceinvaders.o(.data) for right_wall_collision
    spaceinvaders.o(i.Collision_Detection) refers to spaceinvaders.o(.bss) for Centipede
    spaceinvaders.o(i.Game_Active) refers to st7735.o(i.ST7735_FillScreen) for ST7735_FillScreen
    spaceinvaders.o(i.Game_Active) refers to spaceinvaders.o(i.Laser_Spawn) for Laser_Spawn
    spaceinvaders.o(i.Game_Active) refers to spaceinvaders.o(i.Mushroom_Init) for Mushroom_Init
    spaceinvaders.o(i.Game_Active) refers to spaceinvaders.o(i.Ship_Init) for Ship_Init
    spaceinvaders.o(i.Game_Active) refers to spaceinvaders.o(i.Centipede_Init) for Centipede_Init
    spaceinvaders.o(i.Game_Active) refers to st7735.o(i.ST7735_SetCursor) for ST7735_SetCursor
    spaceinvaders.o(i.Game_Active) refers to print.o(.text) for LCD_OutDec
    spaceinvaders.o(i.Game_Active) refers to spaceinvaders.o(i.Convert) for Convert
    spaceinvaders.o(i.Game_Active) refers to spaceinvaders.o(i.Update_Ship) for Update_Ship
    spaceinvaders.o(i.Game_Active) refers to spaceinvaders.o(i.Move_Laser) for Move_Laser
    spaceinvaders.o(i.Game_Active) refers to spaceinvaders.o(i.Mushroom_Update) for Mushroom_Update
    spaceinvaders.o(i.Game_Active) refers to spaceinvaders.o(i.Centipede_Update) for Centipede_Update
    spaceinvaders.o(i.Game_Active) refers to spaceinvaders.o(i.Update_Segment_Directions) for Update_Segment_Directions
    spaceinvaders.o(i.Game_Active) refers to spaceinvaders.o(i.Centipede_Move) for Centipede_Move
    spaceinvaders.o(i.Game_Active) refers to spaceinvaders.o(i.Collision_Detection) for Collision_Detection
    spaceinvaders.o(i.Game_Active) refers to spaceinvaders.o(i.Render_Centipede) for Render_Centipede
    spaceinvaders.o(i.Game_Active) refers to spaceinvaders.o(i.Update_Head_Direction) for Update_Head_Direction
    spaceinvaders.o(i.Game_Active) refers to spaceinvaders.o(i.Game_Lose) for Game_Lose
    spaceinvaders.o(i.Game_Active) refers to spaceinvaders.o(i.Game_Win) for Game_Win
    spaceinvaders.o(i.Game_Active) refers to spaceinvaders.o(.data) for speed
    spaceinvaders.o(i.Game_Active) refers to spaceinvaders.o(.bss) for Laser
[...]
    spaceinvaders.o(i.main) refers to spaceinvaders.o(i.PortF_Init) for PortF_Init
    spaceinvaders.o(i.main) refers to st7735.o(i.ST7735_DrawBitmap) for ST7735_DrawBitmap
    spaceinvaders.o(i.main) refers to systickints.o(i.SysTick_Init) for SysTick_Init
    spaceinvaders.o(i.main) refers to random.o(.text) for Random_Init
    spaceinvaders.o(i.main) refers to st7735.o(i.ST7735_FillScreen) for ST7735_FillScreen
    spaceinvaders.o(i.main) refers to spaceinvaders.o(i.Mushroom_Init) for Mushroom_Init
    spaceinvaders.o(i.main) refers to spaceinvaders.o(i.Centipede_Init) for Centipede_Init
    spaceinvaders.o(i.main) refers to spaceinvaders.o(i.Ship_Init) for Ship_Init
    spaceinvaders.o(i.main) refers to spaceinvaders.o(i.Laser_Init) for Laser_Init
    spaceinvaders.o(i.main) refers to sound.o(i.Sound_Init) for Sound_Init
    spaceinvaders.o(i.main) refers to spaceinvaders.o(i.Delay100ms) for Delay100ms
    spaceinvaders.o(i.main) refers to sound.o(i.Sound_Beat) for Sound_Beat
    spaceinvaders.o(i.main) refers to spaceinvaders.o(i.Game_Active) for Game_Active
    spaceinvaders.o(i.main) refers to spaceinvaders.o(.data) for score
    spaceinvaders.o(i.main) refers to spaceinvaders.o(.constdata) for cover
    st7735.o(i.Output_Clear) refers to st7735.o(i.ST7735_FillScreen) for ST7735_FillScreen
    st7735.o(i.Output_Color) refers to st7735.o(i.ST7735_SetTextColor) for ST7735_SetTextColor
    st7735.o(i.Output_Init) refers to st7735.o(i.ST7735_InitR) for ST7735_InitR
    st7735.o(i.Output_Init) refers to st7735.o(i.ST7735_FillScreen) for ST7735_FillScreen
    st7735.o(i.Output_Off) refers to st7735.o(i.Output_Clear) for Output_Clear
    st7735.o(i.Output_On) refers to st7735.o(i.Output_Init) for Output_Init
    st7735.o(i.ST7735_DrawBitmap) refers to st7735.o(i.setAddrWindow) for setAddrWindow
    st7735.o(i.ST7735_DrawBitmap) refers to lcd.o(.text) for writedata
    st7735.o(i.ST7735_DrawBitmap) refers to st7735.o(.data) for _width
    st7735.o(i.ST7735_DrawChar) refers to st7735.o(i.setAddrWindow) for setAddrWindow
    st7735.o(i.ST7735_DrawChar) refers to st7735.o(i.pushColor) for pushColor
    st7735.o(i.ST7735_DrawChar) refers to st7735.o(.data) for _width
    st7735.o(i.ST7735_DrawChar) refers to st7735.o(.constdata) for Font
    st7735.o(i.ST7735_DrawCharS) refers to st7735.o(i.ST7735_DrawPixel) for ST7735_DrawPixel
    st7735.o(i.ST7735_DrawCharS) refers to st7735.o(i.ST7735_FillRect) for ST7735_FillRect
    st7735.o(i.ST7735_DrawCharS) refers to st7735.o(.data) for _width
    st7735.o(i.ST7735_DrawCharS) refers to st7735.o(.constdata) for Font
    st7735.o(i.ST7735_DrawFastHLine) refers to st7735.o(i.setAddrWindow) for setAddrWindow
    st7735.o(i.ST7735_DrawFastHLine) refers to lcd.o(.text) for writedata
    st7735.o(i.ST7735_DrawFastHLine) refers to st7735.o(.data) for _width
    st7735.o(i.ST7735_DrawFastVLine) refers to st7735.o(i.setAddrWindow) for setAddrWindow
    st7735.o(i.ST7735_DrawFastVLine) refers to lcd.o(.text) for writedata
    st7735.o(i.ST7735_DrawFastVLine) refers to st7735.o(.data) for _width
    st7735.o(i.ST7735_DrawPixel) refers to st7735.o(i.setAddrWindow) for setAddrWindow
    st7735.o(i.ST7735_DrawPixel) refers to st7735.o(i.pushColor) for pushColor
    st7735.o(i.ST7735_DrawPixel) refers to st7735.o(.data) for _width
    st7735.o(i.ST7735_DrawString) refers to st7735.o(i.ST7735_DrawCharS) for ST7735_DrawCharS
    st7735.o(i.ST7735_FillRect) refers to st7735.o(i.setAddrWindow) for setAddrWindow
    st7735.o(i.ST7735_FillRect) refers to lcd.o(.text) for writedata
    st7735.o(i.ST7735_FillRect) refers to st7735.o(.data) for _width
    st7735.o(i.ST7735_FillScreen) refers to st7735.o(i.ST7735_FillRect) for ST7735_FillRect
    st7735.o(i.ST7735_FillScreen) refers to st7735.o(.data) for _height
    st7735.o(i.ST7735_InitB) refers to st7735.o(i.commonInit) for commonInit
    st7735.o(i.ST7735_InitB) refers to st7735.o(i.ST7735_SetCursor) for ST7735_SetCursor
    st7735.o(i.ST7735_InitB) refers to st7735.o(i.ST7735_FillScreen) for ST7735_FillScreen
    st7735.o(i.ST7735_InitB) refers to st7735.o(.constdata) for Bcmd
    st7735.o(i.ST7735_InitB) refers to st7735.o(.data) for StTextColor
    st7735.o(i.ST7735_InitR) refers to st7735.o(i.commonInit) for commonInit
    st7735.o(i.ST7735_InitR) refers to st7735.o(i.commandList) for commandList
    st7735.o(i.ST7735_InitR) refers to lcd.o(.text) for writecommand
    st7735.o(i.ST7735_InitR) refers to st7735.o(i.ST7735_SetCursor) for ST7735_SetCursor
    st7735.o(i.ST7735_InitR) refers to st7735.o(i.ST7735_FillScreen) for ST7735_FillScreen
    st7735.o(i.ST7735_InitR) refers to st7735.o(.constdata) for Rcmd1
    st7735.o(i.ST7735_InitR) refers to st7735.o(.data) for ColStart
    st7735.o(i.ST7735_InvertDisplay) refers to lcd.o(.text) for writecommand
    st7735.o(i.ST7735_OutChar) refers to st7735.o(i.ST7735_DrawString) for ST7735_DrawString
    st7735.o(i.ST7735_OutChar) refers to st7735.o(i.ST7735_DrawCharS) for ST7735_DrawCharS
    st7735.o(i.ST7735_OutChar) refers to st7735.o(.data) for StY
    st7735.o(i.ST7735_OutString) refers to st7735.o(i.ST7735_OutChar) for ST7735_OutChar
    st7735.o(i.ST7735_OutUDec) refers to st7735.o(i.fillmessage) for fillmessage
    st7735.o(i.ST7735_OutUDec) refers to st7735.o(i.ST7735_DrawString) for ST7735_DrawString
    st7735.o(i.ST7735_OutUDec) refers to st7735.o(i.ST7735_DrawCharS) for ST7735_DrawCharS
    st7735.o(i.ST7735_OutUDec) refers to st7735.o(.data) for Messageindex
    st7735.o(i.ST7735_OutUDec) refers to st7735.o(.bss) for Message
    st7735.o(i.ST7735_PlotBar) refers to st7735.o(i.ST7735_DrawFastVLine) for ST7735_DrawFastVLine
    st7735.o(i.ST7735_PlotBar) refers to st7735.o(.data) for Ymin
    st7735.o(i.ST7735_PlotClear) refers to st7735.o(i.ST7735_Color565) for ST7735_Color565
    st7735.o(i.ST7735_PlotClear) refers to st7735.o(i.ST7735_FillRect) for ST7735_FillRect
    st7735.o(i.ST7735_PlotClear) refers to st7735.o(.data) for Ymax
    st7735.o(i.ST7735_PlotLine) refers to st7735.o(i.ST7735_DrawPixel) for ST7735_DrawPixel
    st7735.o(i.ST7735_PlotLine) refers to st7735.o(.data) for Ymin
    st7735.o(i.ST7735_PlotNext) refers to st7735.o(.data) for X
    st7735.o(i.ST7735_PlotNextErase) refers to st7735.o(i.ST7735_Color565) for ST7735_Color565
    st7735.o(i.ST7735_PlotNextErase) refers to st7735.o(i.ST7735_DrawFastVLine) for ST7735_DrawFastVLine
    st7735.o(i.ST7735_PlotNextErase) refers to st7735.o(.data) for X
    st7735.o(i.ST7735_PlotPoint) refers to st7735.o(i.ST7735_DrawPixel) for ST7735_DrawPixel
    st7735.o(i.ST7735_PlotPoint) refers to st7735.o(.data) for Ymin
    st7735.o(i.ST7735_PlotPoints) refers to st7735.o(i.ST7735_DrawPixel) for ST7735_DrawPixel
    st7735.o(i.ST7735_PlotPoints) refers to st7735.o(.data) for Ymin
    st7735.o(i.ST7735_PlotdBfs) refers to st7735.o(i.ST7735_DrawFastVLine) for ST7735_DrawFastVLine
    st7735.o(i.ST7735_PlotdBfs) refers to st7735.o(.constdata) for dBfs
    st7735.o(i.ST7735_PlotdBfs) refers to st7735.o(.data) for X
    st7735.o(i.ST7735_SetCursor) refers to st7735.o(.data) for StX
    st7735.o(i.ST7735_SetRotation) refers to lcd.o(.text) for writecommand
    st7735.o(i.ST7735_SetRotation) refers to st7735.o(.data) for Rotation
    st7735.o(i.ST7735_SetTextColor) refers to st7735.o(.data) for StTextColor
    st7735.o(i.commandList) refers to lcd.o(.text) for writecommand
    st7735.o(i.commandList) refers to st7735.o(i.Delay1ms) for Delay1ms
    st7735.o(i.commonInit) refers to st7735.o(i.Delay1ms) for Delay1ms
    st7735.o(i.commonInit) refers to st7735.o(i.commandList) for commandList
    st7735.o(i.commonInit) refers to st7735.o(.data) for RowStart
    st7735.o(i.fillmessage) refers to st7735.o(.bss) for Message
    st7735.o(i.fillmessage) refers to st7735.o(.data) for Messageindex
    st7735.o(i.fputc) refers to st7735.o(i.ST7735_OutChar) for ST7735_OutChar
    st7735.o(i.pushColor) refers to lcd.o(.text) for writedata
    st7735.o(i.setAddrWindow) refers to lcd.o(.text) for writecommand
    st7735.o(i.setAddrWindow) refers to st7735.o(.data) for ColStart
    systickints.o(i.SysTick_Init) refers to startup.o(.text) for StartCritical
    texas.o(.text) refers to texas.o(.bss) for TExaS
    texas.o(.text) refers to texas.o(.constdata) for IntroMsg
    texas.o(.text) refers to texas.o(.data) for LastMode
    __main.o(!!!main) refers to rtentry.o(.ARM.Collect$$rtentry$$00000000) for __rt_entry
    rtentry.o(.ARM.Collect$$rtentry$$00000000) refers (Special) to rtentry2.o(.ARM.Collect$$rtentry$$0000000A) for __rt_entry_li
    rtentry.o(.ARM.Collect$$rtentry$$00000000) refers (Special) to rtentry2.o(.ARM.Collect$$rtentry$$0000000D) for __rt_entry_main
    rtentry.o(.ARM.Collect$$rtentry$$00000000) refers (Special) to rtentry2.o(.ARM.Collect$$rtentry$$0000000C) for __rt_entry_postli_1
    rtentry.o(.ARM.Collect$$rtentry$$00000000) refers (Special) to rtentry2.o(.ARM.Collect$$rtentry$$00000009) for __rt_entry_postsh_1
    rtentry.o(.ARM.Collect$$rtentry$$00000000) refers (Special) to rtentry2.o(.ARM.Collect$$rtentry$$00000002) for __rt_entry_presh_1
    rtentry.o(.ARM.Collect$$rtentry$$00000000) refers (Special) to rtentry4.o(.ARM.Collect$$rtentry$$00000004) for __rt_entry_sh
    rtentry2.o(.ARM.Collect$$rtentry$$00000008) refers to boardinit2.o(.text) for _platform_post_stackheap_init
    rtentry2.o(.ARM.Collect$$rtentry$$0000000A) refers to libinit.o(.ARM.Collect$$libinit$$00000000) for __rt_lib_init
    rtentry2.o(.ARM.Collect$$rtentry$$0000000B) refers to boardinit3.o(.text) for _platform_post_lib_init
    rtentry2.o(.ARM.Collect$$rtentry$$0000000D) refers to spaceinvaders.o(i.main) for main
    rtentry2.o(.ARM.Collect$$rtentry$$0000000D) refers to exit.o(.text) for exit
    rtentry2.o(.ARM.exidx) refers to rtentry2.o(.ARM.Collect$$rtentry$$00000001) for .ARM.Collect$$rtentry$$00000001
    rtentry2.o(.ARM.exidx) refers to rtentry2.o(.ARM.Collect$$rtentry$$00000008) for .ARM.Collect$$rtentry$$00000008
    rtentry2.o(.ARM.exidx) refers to rtentry2.o(.ARM.Collect$$rtentry$$0000000A) for .ARM.Collect$$rtentry$$0000000A
    rtentry2.o(.ARM.exidx) refers to rtentry2.o(.ARM.Collect$$rtentry$$0000000B) for .ARM.Collect$$rtentry$$0000000B
    rtentry2.o(.ARM.exidx) refers to rtentry2.o(.ARM.Collect$$rtentry$$0000000D) for .ARM.Collect$$rtentry$$0000000D
    rtentry4.o(.ARM.Collect$$rtentry$$00000004) refers to sys_stackheap_outer.o(.text) for __user_setup_stackheap
    rtentry4.o(.ARM.exidx) refers to rtentry4.o(.ARM.Collect$$rtentry$$00000004) for .ARM.Collect$$rtentry$$00000004
    sys_stackheap_outer.o(.text) refers to libspace.o(.text) for __user_perproc_libspace
    sys_stackheap_outer.o(.text) refers to startup.o(.text) for __user_initial_stackheap
    exit.o(.text) refers to rtexit.o(.ARM.Collect$$rtexit$$00000000) for __rt_exit
    libinit.o(.ARM.Collect$$libinit$$00000000) refers (Special) to libinit2.o(.ARM.Collect$$libinit$$0000002C) for __rt_lib_init_alloca_1
    libinit.o(.ARM.Collect$$libinit$$00000000) refers (Special) to libinit2.o(.ARM.Collect$$libinit$$0000002A) for __rt_lib_init_argv_1
    libinit.o(.ARM.Collect$$libinit$$00000000) refers (Special) to libinit2.o(.ARM.Collect$$libinit$$00000019) for __rt_lib_init_atexit_1
    libinit.o(.ARM.Collect$$libinit$$00000000) refers (Special) to libinit2.o(.ARM.Collect$$libinit$$0000001F) for __rt_lib_init_clock_1
    libinit.o(.ARM.Collect$$libinit$$00000000) refers (Special) to libinit2.o(.ARM.Collect$$libinit$$00000030) for __rt_lib_init_cpp_1
    libinit.o(.ARM.Collect$$libinit$$00000000) refers (Special) to libinit2.o(.ARM.Collect$$libinit$$0000002E) for __rt_lib_init_exceptions_1
    libinit.o(.ARM.Collect$$libinit$$00000000) refers (Special) to libinit2.o(.ARM.Collect$$libinit$$00000002) for __rt_lib_init_fp_1
    libinit.o(.ARM.Collect$$libinit$$00000000) refers (Special) to libinit2.o(.ARM.Collect$$libinit$$0000001D) for __rt_lib_init_fp_trap_1
    libinit.o(.ARM.Collect$$libinit$$00000000) refers (Special) to libinit2.o(.ARM.Collect$$libinit$$00000021) for __rt_lib_init_getenv_1
    libinit.o(.ARM.Collect$$libinit$$00000000) refers (Special) to libinit2.o(.ARM.Collect$$libinit$$00000008) for __rt_lib_init_heap_1
    libinit.o(.ARM.Collect$$libinit$$00000000) refers (Special) to libinit2.o(.ARM.Collect$$libinit$$0000000F) for __rt_lib_init_lc_collate_1
    libinit.o(.ARM.Collect$$libinit$$00000000) refers (Special) to libinit2.o(.ARM.Collect$$libinit$$00000011) for __rt_lib_init_lc_ctype_1
    libinit.o(.ARM.Collect$$libinit$$00000000) refers (Special) to libinit2.o(.ARM.Collect$$libinit$$00000013) for __rt_lib_init_lc_monetary_1
    libinit.o(.ARM.Collect$$libinit$$00000000) refers (Special) to libinit2.o(.ARM.Collect$$libinit$$00000015) for __rt_lib_init_lc_numeric_1
    libinit.o(.ARM.Collect$$libinit$$00000000) refers (Special) to libinit2.o(.ARM.Collect$$libinit$$00000017) for __rt_lib_init_lc_time_1
    libinit.o(.ARM.Collect$$libinit$$00000000) refers (Special) to libinit2.o(.ARM.Collect$$libinit$$0000000C) for __rt_lib_init_rand_1
    libinit.o(.ARM.Collect$$libinit$$00000000) refers (Special) to libinit2.o(.ARM.Collect$$libinit$$00000031) for __rt_lib_init_return
    libinit.o(.ARM.Collect$$libinit$$00000000) refers (Special) to libinit2.o(.ARM.Collect$$libinit$$0000001B) for __rt_lib_init_signal_1
    libinit.o(.ARM.Collect$$libinit$$00000000) refers (Special) to libinit2.o(.ARM.Collect$$libinit$$00000023) for __rt_lib_init_stdio_1
    libinit.o(.ARM.Collect$$libinit$$00000000) refers (Special) to libinit2.o(.ARM.Collect$$libinit$$0000000A) for __rt_lib_init_user_alloc_1
    libspace.o(.text) refers to libspace.o(.bss) for __libspace_start
    rtexit.o(.ARM.Collect$$rtexit$$00000000) refers (Special) to rtexit2.o(.ARM.Collect$$rtexit$$00000004) for __rt_exit_exit
    rtexit.o(.ARM.Collect$$rtexit$$00000000) refers (Special) to rtexit2.o(.ARM.Collect$$rtexit$$00000003) for __rt_exit_ls
    rtexit.o(.ARM.Collect$$rtexit$$00000000) refers (Special) to rtexit2.o(.ARM.Collect$$rtexit$$00000002) for __rt_exit_prels_1
    rtexit.o(.ARM.exidx) refers (Special) to rtexit2.o(.ARM.Collect$$rtexit$$00000004) for __rt_exit_exit
    rtexit.o(.ARM.exidx) refers (Special) to rtexit2.o(.ARM.Collect$$rtexit$$00000003) for __rt_exit_ls
    rtexit.o(.ARM.exidx) refers (Special) to rtexit2.o(.ARM.Collect$$rtexit$$00000002) for __rt_exit_prels_1
    rtexit.o(.ARM.exidx) refers to rtexit.o(.ARM.Collect$$rtexit$$00000000) for .ARM.Collect$$rtexit$$00000000
    libinit2.o(.ARM.Collect$$libinit$$0000000E) refers to libinit2.o(.ARM.Collect$$libinit$$0000000D) for .ARM.Collect$$libinit$$0000000D
    libinit2.o(.ARM.Collect$$libinit$$00000010) refers to libinit2.o(.ARM.Collect$$libinit$$0000000D) for .ARM.Collect$$libinit$$0000000D
    libinit2.o(.ARM.Collect$$libinit$$00000012) refers to libinit2.o(.ARM.Collect$$libinit$$0000000D) for .ARM.Collect$$libinit$$0000000D
    libinit2.o(.ARM.Collect$$libinit$$00000014) refers to libinit2.o(.ARM.Collect$$libinit$$0000000D) for .ARM.Collect$$libinit$$0000000D
    libinit2.o(.ARM.Collect$$libinit$$00000016) refers to libinit2.o(.ARM.Collect$$libinit$$0000000D) for .ARM.Collect$$libinit$$0000000D
    libinit2.o(.ARM.Collect$$libinit$$00000024) refers to argv_veneer.o(.emb_text) for __ARM_argv_veneer
    libinit2.o(.ARM.Collect$$libinit$$00000025) refers to argv_veneer.o(.emb_text) for __ARM_argv_veneer
    rtexit2.o(.ARM.Collect$$rtexit$$00000003) refers to libshutdown.o(.ARM.Collect$$libshutdown$$00000000) for __rt_lib_shutdown
    rtexit2.o(.ARM.Collect$$rtexit$$00000004) refers to sys_exit.o(.text) for _sys_exit
    rtexit2.o(.ARM.exidx) refers to rtexit2.o(.ARM.Collect$$rtexit$$00000001) for .ARM.Collect$$rtexit$$00000001
    rtexit2.o(.ARM.exidx) refers to rtexit2.o(.ARM.Collect$$rtexit$$00000003) for .ARM.Collect$$rtexit$$00000003
    rtexit2.o(.ARM.exidx) refers to rtexit2.o(.ARM.Collect$$rtexit$$00000004) for .ARM.Collect$$rtexit$$00000004
    argv_veneer.o(.emb_text) refers to no_argv.o(.text) for __ARM_get_argv
    sys_exit.o(.text) refers (Special) to use_no_semi.o(.text) for __I$use$semihosting
    sys_exit.o(.text) refers (Special) to indicate_semi.o(.text) for __semihosting_library_function
    _get_argv_nomalloc.o(.text) refers (Special) to hrguard.o(.text) for __heap_region$guard
    _get_argv_nomalloc.o(.text) refers to defsig_rtmem_outer.o(.text) for __rt_SIGRTMEM
    _get_argv_nomalloc.o(.text) refers to sys_command.o(.text) for _sys_command_string
    libshutdown.o(.ARM.Collect$$libshutdown$$00000000) refers (Special) to libshutdown2.o(.ARM.Collect$$libshutdown$$00000006) for __rt_lib_shutdown_fp_trap_1
    libshutdown.o(.ARM.Collect$$libshutdown$$00000000) refers (Special) to libshutdown2.o(.ARM.Collect$$libshutdown$$0000000E) for __rt_lib_shutdown_heap_1
    libshutdown.o(.ARM.Collect$$libshutdown$$00000000) refers (Special) to libshutdown2.o(.ARM.Collect$$libshutdown$$0000000F) for __rt_lib_shutdown_return
    libshutdown.o(.ARM.Collect$$libshutdown$$00000000) refers (Special) to libshutdown2.o(.ARM.Collect$$libshutdown$$00000009) for __rt_lib_shutdown_signal_1
    libshutdown.o(.ARM.Collect$$libshutdown$$00000000) refers (Special) to libshutdown2.o(.ARM.Collect$$libshutdown$$00000003) for __rt_lib_shutdown_stdio_1
    libshutdown.o(.ARM.Collect$$libshutdown$$00000000) refers (Special) to libshutdown2.o(.ARM.Collect$$libshutdown$$0000000B) for __rt_lib_shutdown_user_alloc_1
    sys_command.o(.text) refers (Special) to use_no_semi.o(.text) for __I$use$semihosting
    sys_command.o(.text) refers (Special) to indicate_semi.o(.text) for __semihosting_library_function
    defsig_rtmem_outer.o(.text) refers to defsig_rtmem_inner.o(.text) for __rt_SIGRTMEM_inner
    defsig_rtmem_outer.o(.text) refers to defsig_exit.o(.text) for __sig_exit
    defsig_rtmem_formal.o(.text) refers to rt_raise.o(.text) for __rt_raise
    rt_raise.o(.text) refers to __raise.o(.text) for __raise
    rt_raise.o(.text) refers to sys_exit.o(.text) for _sys_exit
    defsig_exit.o(.text) refers to sys_exit.o(.text) for _sys_exit
    defsig_rtmem_inner.o(.text) refers to defsig_general.o(.text) for __default_signal_display
    __raise.o(.text) refers to defsig.o(CL$$defsig) for __default_signal_handler
    defsig_general.o(.text) refers to sys_wrch.o(.text) for _ttywrch
    sys_wrch.o(.text) refers (Special) to use_no_semi.o(.text) for __I$use$semihosting
    sys_wrch.o(.text) refers (Special) to indicate_semi.o(.text) for __semihosting_library_function
    defsig.o(CL$$defsig) refers to defsig_rtmem_inner.o(.text) for __rt_SIGRTMEM_inner
    defsig_abrt_inner.o(.text) refers to defsig_general.o(.text) for __default_signal_display
    defsig_fpe_inner.o(.text) refers to defsig_general.o(.text) for __default_signal_display
    defsig_rtred_inner.o(.text) refers to defsig_general.o(.text) for __default_signal_display
    defsig_stak_inner.o(.text) refers to defsig_general.o(.text) for __default_signal_display
    defsig_pvfn_inner.o(.text) refers to defsig_general.o(.text) for __default_signal_display
    defsig_cppl_inner.o(.text) refers to defsig_general.o(.text) for __default_signal_display
    defsig_segv_inner.o(.text) refers to defsig_general.o(.text) for __default_signal_display
    defsig_other.o(.text) refers to defsig_general.o(.text) for __default_signal_display


==============================================================================

Removing Unused input sections from the image.

    Removing timer0.o(i.Timer0_Init), (96 bytes).
    Removing sound.o(i.Sound_Explosion), (2 bytes).
    Removing sound.o(i.Sound_Fastinvader1), (2 bytes).
    Removing sound.o(i.Sound_Fastinvader2), (2 bytes).
    Removing sound.o(i.Sound_Fastinvader3), (2 bytes).
    Removing sound.o(i.Sound_Fastinvader4), (2 bytes).
    Removing sound.o(i.Sound_Highpitch), (2 bytes).
    Removing st7735.o(i.Output_Clear), (10 bytes).
    Removing st7735.o(i.Output_Color), (12 bytes).
    Removing st7735.o(i.Output_Off), (8 bytes).
    Removing st7735.o(i.Output_On), (8 bytes).
    Removing st7735.o(i.ST7735_Color565), (24 bytes).
    Removing st7735.o(i.ST7735_DrawChar), (268 bytes).
    Removing st7735.o(i.ST7735_DrawFastHLine), (124 bytes).
    Removing st7735.o(i.ST7735_DrawFastVLine), (124 bytes).
    Removing st7735.o(i.ST7735_InitB), (40 bytes).
    Removing st7735.o(i.ST7735_InvertDisplay), (22 bytes).
    Removing st7735.o(i.ST7735_OutUDec), (140 bytes).
    Removing st7735.o(i.ST7735_PlotBar), (88 bytes).
    Removing st7735.o(i.ST7735_PlotClear), (92 bytes).
    Removing st7735.o(i.ST7735_PlotLine), (264 bytes).
    Removing st7735.o(i.ST7735_PlotNext), (32 bytes).
    Removing st7735.o(i.ST7735_PlotNextErase), (64 bytes).
    Removing st7735.o(i.ST7735_PlotPoint), (152 bytes).
    Removing st7735.o(i.ST7735_PlotPoints), (172 bytes).
    Removing st7735.o(i.ST7735_PlotdBfs), (60 bytes).
    Removing st7735.o(i.ST7735_SetRotation), (212 bytes).
    Removing st7735.o(i.ST7735_SetTextColor), (12 bytes).
    Removing st7735.o(i.ST7735_SwapColor), (18 bytes).
    Removing st7735.o(i.ferror), (8 bytes).
    Removing st7735.o(i.fgetc), (6 bytes).
    Removing st7735.o(i.fillmessage), (72 bytes).
    Removing st7735.o(i.fputc), (16 bytes).
    Removing st7735.o(.bss), (12 bytes).

34 unused section(s) (total 2168 bytes) removed from the image.

==============================================================================

Image Symbol Table

    Local Symbols

    Symbol Name                              Value     Ov Type        Size  Object(Section)

    RESET                                    0x00000000   Section      644  startup.o(RESET)
    ../clib/angel/boardlib.s                 0x00000000   Number         0  boardinit3.o ABSOLUTE
    ../clib/angel/boardlib.s                 0x00000000   Number         0  boardshut.o ABSOLUTE
    ../clib/angel/boardlib.s                 0x00000000   Number         0  boardinit1.o ABSOLUTE
    ../clib/angel/boardlib.s                 0x00000000   Number         0  boardinit2.o ABSOLUTE
    ../clib/angel/dclz77c.s                  0x00000000   Number         0  __dclz77c.o ABSOLUTE
    ../clib/angel/handlers.s                 0x00000000   Number         0  __scatter_zi.o ABSOLUTE
    ../clib/angel/kernel.s                   0x00000000   Number         0  rtexit2.o ABSOLUTE
    ../clib/angel/kernel.s                   0x00000000   Number         0  rtexit.o ABSOLUTE
    ../clib/angel/kernel.s                   0x00000000   Number         0  rtentry.o ABSOLUTE
    ../clib/angel/kernel.s                   0x00000000   Number         0  rtentry2.o ABSOLUTE
    ../clib/angel/kernel.s                   0x00000000   Number         0  rtentry4.o ABSOLUTE
    ../clib/angel/rt.s                       0x00000000   Number         0  rt_raise.o ABSOLUTE
    ../clib/angel/scatter.s                  0x00000000   Number         0  __scatter.o ABSOLUTE
    ../clib/angel/startup.s                  0x00000000   Number         0  __main.o ABSOLUTE
    ../clib/angel/sys.s                      0x00000000   Number         0  sys_stackheap_outer.o ABSOLUTE
    ../clib/angel/sys.s                      0x00000000   Number         0  libspace.o ABSOLUTE
    ../clib/angel/sys.s                      0x00000000   Number         0  use_no_semi.o ABSOLUTE
    ../clib/angel/sys.s                      0x00000000   Number         0  indicate_semi.o ABSOLUTE
    ../clib/angel/sysapp.c                   0x00000000   Number         0  sys_exit.o ABSOLUTE
    ../clib/angel/sysapp.c                   0x00000000   Number         0  sys_command.o ABSOLUTE
    ../clib/angel/sysapp.c                   0x00000000   Number         0  sys_wrch.o ABSOLUTE
    ../clib/armsys.c                         0x00000000   Number         0  _get_argv_nomalloc.o ABSOLUTE
    ../clib/armsys.c                         0x00000000   Number         0  no_argv.o ABSOLUTE
    ../clib/armsys.c                         0x00000000   Number         0  argv_veneer.o ABSOLUTE
    ../clib/armsys.c                         0x00000000   Number         0  argv_veneer.o ABSOLUTE
    ../clib/heapalloc.c                      0x00000000   Number         0  hrguard.o ABSOLUTE
    ../clib/heapaux.c                        0x00000000   Number         0  heapauxi.o ABSOLUTE
    ../clib/libinit.s                        0x00000000   Number         0  libshutdown.o ABSOLUTE
    ../clib/libinit.s                        0x00000000   Number         0  libinit.o ABSOLUTE
    ../clib/libinit.s                        0x00000000   Number         0  libshutdown2.o ABSOLUTE
    ../clib/libinit.s                        0x00000000   Number         0  libinit2.o ABSOLUTE
    ../clib/signal.c                         0x00000000   Number         0  defsig_stak_inner.o ABSOLUTE
    ../clib/signal.c                         0x00000000   Number         0  defsig_rtred_inner.o ABSOLUTE
    ../clib/signal.c                         0x00000000   Number         0  defsig_fpe_inner.o ABSOLUTE
    ../clib/signal.c                         0x00000000   Number         0  defsig_abrt_inner.o ABSOLUTE
    ../clib/signal.c                         0x00000000   Number         0  defsig_rtmem_inner.o ABSOLUTE
    ../clib/signal.c                         0x00000000   Number         0  defsig_exit.o ABSOLUTE
    ../clib/signal.c                         0x00000000   Number         0  defsig_rtmem_formal.o ABSOLUTE
    ../clib/signal.c                         0x00000000   Number         0  defsig_rtmem_outer.o ABSOLUTE
    ../clib/signal.c                         0x00000000   Number         0  __raise.o ABSOLUTE
    ../clib/signal.c                         0x00000000   Number         0  defsig_pvfn_inner.o ABSOLUTE
    ../clib/signal.c                         0x00000000   Number         0  defsig_other.o ABSOLUTE
    ../clib/signal.c                         0x00000000   Number         0  defsig_segv_inner.o ABSOLUTE
    ../clib/signal.c                         0x00000000   Number         0  defsig_cppl_inner.o ABSOLUTE
    ../clib/signal.c                         0x00000000   Number         0  defsig_general.o ABSOLUTE
    ../clib/signal.s                         0x00000000   Number         0  defsig.o ABSOLUTE
    ../clib/stdlib.c                         0x00000000   Number         0  exit.o ABSOLUTE
    ../fplib/fpinit.s                        0x00000000   Number         0  fpinit.o ABSOLUTE
    ADC.c                                    0x00000000   Number         0  adc.o ABSOLUTE
    DAC.c                                    0x00000000   Number         0  dac.o ABSOLUTE
    LCD.s                                    0x00000000   Number         0  lcd.o ABSOLUTE
    Print.s                                  0x00000000   Number         0  print.o ABSOLUTE
    ST7735.c                                 0x00000000   Number         0  st7735.o ABSOLUTE
    Sound.c                                  0x00000000   Number         0  sound.o ABSOLUTE
    SpaceInvaders.c                          0x00000000   Number         0  spaceinvaders.o ABSOLUTE
    SysTickInts.c                            0x00000000   Number         0  systickints.o ABSOLUTE
    TExaS.c                                  0x00000000   Number         0  texas.o ABSOLUTE
    Timer0.c                                 0x00000000   Number         0  timer0.o ABSOLUTE
    Timer1.c                                 0x00000000   Number         0  timer1.o ABSOLUTE
    dc.s                                     0x00000000   Number         0  dc.o ABSOLUTE
    random.s                                 0x00000000   Number         0  random.o ABSOLUTE
    startup.s                                0x00000000   Number         0  startup.o ABSOLUTE
    !!!main                                  0x00000284   Section        8  __main.o(!!!main)
    !!!scatter                               0x0000028c   Section       52  __scatter.o(!!!scatter)
    !!dclz77c                                0x000002c0   Section      100  __dclz77c.o(!!dclz77c)
    !!handler_zi                             0x00000324   Section       28  __scatter_zi.o(!!handler_zi)
    .ARM.Collect$$libinit$$00000000          0x00000340   Section        2  libinit.o(.ARM.Collect$$libinit$$00000000)
    .ARM.Collect$$libinit$$00000002          0x00000342   Section        0  libinit2.o(.ARM.Collect$$libinit$$00000002)
    .ARM.Collect$$libinit$$00000008          0x00000342   Section        0  libinit2.o(.ARM.Collect$$libinit$$00000008)
    .ARM.Collect$$libinit$$0000000A          0x00000342   Section        0  libinit2.o(.ARM.Collect$$libinit$$0000000A)
    .ARM.Collect$$libinit$$0000000C          0x00000342   Section        0  libinit2.o(.ARM.Collect$$libinit$$0000000C)
    .ARM.Collect$$libinit$$0000000F          0x00000342   Section        0  libinit2.o(.ARM.Collect$$libinit$$0000000F)
    .ARM.Collect$$libinit$$00000011          0x00000342   Section        0  libinit2.o(.ARM.Collect$$libinit$$00000011)
    .ARM.Collect$$libinit$$00000013          0x00000342   Section        0  libinit2.o(.ARM.Collect$$libinit$$00000013)
    .ARM.Collect$$libinit$$00000015          0x00000342   Section        0  libinit2.o(.ARM.Collect$$libinit$$00000015)
    .ARM.Collect$$libinit$$00000017          0x00000342   Section        0  libinit2.o(.ARM.Collect$$libinit$$00000017)
    .ARM.Collect$$libinit$$00000019          0x00000342   Section        0  libinit2.o(.ARM.Collect$$libinit$$00000019)
    .ARM.Collect$$libinit$$0000001B          0x00000342   Section        0  libinit2.o(.ARM.Collect$$libinit$$0000001B)
    .ARM.Collect$$libinit$$0000001D          0x00000342   Section        0  libinit2.o(.ARM.Collect$$libinit$$0000001D)
    .ARM.Collect$$libinit$$0000001F          0x00000342   Section        0  libinit2.o(.ARM.Collect$$libinit$$0000001F)
    .ARM.Collect$$libinit$$00000021          0x00000342   Section        0  libinit2.o(.ARM.Collect$$libinit$$00000021)
    .ARM.Collect$$libinit$$00000023          0x00000342   Section        0  libinit2.o(.ARM.Collect$$libinit$$00000023)
    .ARM.Collect$$libinit$$0000002A          0x00000342   Section        0  libinit2.o(.ARM.Collect$$libinit$$0000002A)
    .ARM.Collect$$libinit$$0000002C          0x00000342   Section        0  libinit2.o(.ARM.Collect$$libinit$$0000002C)
    .ARM.Collect$$libinit$$0000002E          0x00000342   Section        0  libinit2.o(.ARM.Collect$$libinit$$0000002E)
    .ARM.Collect$$libinit$$00000030          0x00000342   Section        0  libinit2.o(.ARM.Collect$$libinit$$00000030)
    .ARM.Collect$$libinit$$00000031          0x00000342   Section        2  libinit2.o(.ARM.Collect$$libinit$$00000031)
    .ARM.Collect$$libshutdown$$00000000      0x00000344   Section        2  libshutdown.o(.ARM.Collect$$libshutdown$$00000000)
    .ARM.Collect$$libshutdown$$00000003      0x00000346   Section        0  libshutdown2.o(.ARM.Collect$$libshutdown$$00000003)
    .ARM.Collect$$libshutdown$$00000006      0x00000346   Section        0  libshutdown2.o(.ARM.Collect$$libshutdown$$00000006)
    .ARM.Collect$$libshutdown$$00000009      0x00000346   Section        0  libshutdown2.o(.ARM.Collect$$libshutdown$$00000009)
    .ARM.Collect$$libshutdown$$0000000B      0x00000346   Section        0  libshutdown2.o(.ARM.Collect$$libshutdown$$0000000B)
    .ARM.Collect$$libshutdown$$0000000E      0x00000346   Section        0  libshutdown2.o(.ARM.Collect$$libshutdown$$0000000E)
    .ARM.Collect$$libshutdown$$0000000F      0x00000346   Section        2  libshutdown2.o(.ARM.Collect$$libshutdown$$0000000F)
    .ARM.Collect$$rtentry$$00000000          0x00000348   Section        0  rtentry.o(.ARM.Collect$$rtentry$$00000000)
    .ARM.Collect$$rtentry$$00000002          0x00000348   Section        0  rtentry2.o(.ARM.Collect$$rtentry$$00000002)
    .ARM.Collect$$rtentry$$00000004          0x00000348   Section        6  rtentry4.o(.ARM.Collect$$rtentry$$00000004)
    .ARM.Collect$$rtentry$$00000009          0x0000034e   Section        0  rtentry2.o(.ARM.Collect$$rtentry$$00000009)
    .ARM.Collect$$rtentry$$0000000A          0x0000034e   Section        4  rtentry2.o(.ARM.Collect$$rtentry$$0000000A)
    .ARM.Collect$$rtentry$$0000000C          0x00000352   Section        0  rtentry2.o(.ARM.Collect$$rtentry$$0000000C)
    .ARM.Collect$$rtentry$$0000000D          0x00000352   Section        8  rtentry2.o(.ARM.Collect$$rtentry$$0000000D)
    .ARM.Collect$$rtexit$$00000000           0x0000035a   Section        2  rtexit.o(.ARM.Collect$$rtexit$$00000000)
    .ARM.Collect$$rtexit$$00000002           0x0000035c   Section        0  rtexit2.o(.ARM.Collect$$rtexit$$00000002)
    .ARM.Collect$$rtexit$$00000003           0x0000035c   Section        4  rtexit2.o(.ARM.Collect$$rtexit$$00000003)
    .ARM.Collect$$rtexit$$00000004           0x00000360   Section        6  rtexit2.o(.ARM.Collect$$rtexit$$00000004)
    .text                                    0x00000368   Section       48  startup.o(.text)
    .text                                    0x00000398   Section       60  random.o(.text)
    .text                                    0x000003d4   Section      308  print.o(.text)
    .text                                    0x00000508   Section      108  lcd.o(.text)
    .text                                    0x00000574   Section        0  texas.o(.text)
    .text                                    0x00000a14   Section        0  heapauxi.o(.text)
    .text                                    0x00000a1a   Section       74  sys_stackheap_outer.o(.text)
    .text                                    0x00000a64   Section        0  exit.o(.text)
    .text                                    0x00000a70   Section        8  libspace.o(.text)
    .text                                    0x00000a78   Section        0  sys_exit.o(.text)
    .text                                    0x00000a84   Section        2  use_no_semi.o(.text)
    .text                                    0x00000a86   Section        0  indicate_semi.o(.text)
    i.ADC_In                                 0x00000a88   Section        0  adc.o(i.ADC_In)
    i.ADC_Init                               0x00000ab4   Section        0  adc.o(i.ADC_Init)
    i.Centipede_Init                         0x00000b8c   Section        0  spaceinvaders.o(i.Centipede_Init)
    i.Centipede_Move                         0x00000c44   Section        0  spaceinvaders.o(i.Centipede_Move)
    i.Centipede_Update                       0x00000cd4   Section        0  spaceinvaders.o(i.Centipede_Update)
    i.Collision_Detection                    0x00000d88   Section        0  spaceinvaders.o(i.Collision_Detection)
    i.Convert                                0x00000e68   Section        0  spaceinvaders.o(i.Convert)
    i.DAC_Init                               0x00000e80   Section        0  dac.o(i.DAC_Init)
    i.DAC_Out                                0x00000ed0   Section        0  dac.o(i.DAC_Out)
    i.Delay100ms                             0x00000ef8   Section        0  spaceinvaders.o(i.Delay100ms)
    i.Delay1ms                               0x00000f1c   Section        0  st7735.o(i.Delay1ms)
    i.Game_Active                            0x00000f3c   Section        0  spaceinvaders.o(i.Game_Active)
    i.Game_Lose                              0x00001064   Section        0  spaceinvaders.o(i.Game_Lose)
    i.Game_Win                               0x000010e4   Section        0  spaceinvaders.o(i.Game_Win)
    i.Laser_Init                             0x00001170   Section        0  spaceinvaders.o(i.Laser_Init)
    i.Laser_Spawn                            0x00001180   Section        0  spaceinvaders.o(i.Laser_Spawn)
    i.Move_Laser                             0x000011d0   Section        0  spaceinvaders.o(i.Move_Laser)
    i.Mushroom_Init                          0x00001330   Section        0  spaceinvaders.o(i.Mushroom_Init)
    i.Mushroom_Update                        0x00001460   Section        0  spaceinvaders.o(i.Mushroom_Update)
    i.Output_Init                            0x00001568   Section        0  st7735.o(i.Output_Init)
    i.PortF_Init                             0x00001578   Section        0  spaceinvaders.o(i.PortF_Init)
    i.Render_Centipede                       0x000015c0   Section        0  spaceinvaders.o(i.Render_Centipede)
    i.ST7735_DrawBitmap                      0x000015fc   Section        0  st7735.o(i.ST7735_DrawBitmap)
    i.ST7735_DrawCharS                       0x0000171c   Section        0  st7735.o(i.ST7735_DrawCharS)
    i.ST7735_DrawPixel                       0x00001810   Section        0  st7735.o(i.ST7735_DrawPixel)
    i.ST7735_DrawString                      0x00001858   Section        0  st7735.o(i.ST7735_DrawString)
    i.ST7735_FillRect                        0x000018b0   Section        0  st7735.o(i.ST7735_FillRect)
    i.ST7735_FillScreen                      0x0000195c   Section        0  st7735.o(i.ST7735_FillScreen)
    i.ST7735_InitR                           0x00001980   Section        0  st7735.o(i.ST7735_InitR)
    i.ST7735_OutChar                         0x000019fc   Section        0  st7735.o(i.ST7735_OutChar)
    i.ST7735_OutString                       0x00001ad0   Section        0  st7735.o(i.ST7735_OutString)
    i.ST7735_SetCursor                       0x00001ae8   Section        0  st7735.o(i.ST7735_SetCursor)
    i.Ship_Init                              0x00001b08   Section        0  spaceinvaders.o(i.Ship_Init)
    i.Sound_Beat                             0x00001b40   Section        0  sound.o(i.Sound_Beat)
    i.Sound_Init                             0x00001b5c   Section        0  sound.o(i.Sound_Init)
    i.Sound_Laser                            0x00001b84   Section        0  sound.o(i.Sound_Laser)
    i.Sound_Play                             0x00001b88   Section        0  sound.o(i.Sound_Play)
    i.SysTick_Handler                        0x00001b9c   Section        0  spaceinvaders.o(i.SysTick_Handler)
    i.SysTick_Init                           0x00001be4   Section        0  systickints.o(i.SysTick_Init)
    i.Timer0A_Handler                        0x00001c24   Section        0  timer0.o(i.Timer0A_Handler)
    i.Timer1A_Handler                        0x00001c3c   Section        0  sound.o(i.Timer1A_Handler)
    i.Timer1_Init                            0x00001c9c   Section        0  timer1.o(i.Timer1_Init)
    i.Update_Head_Direction                  0x00001cfc   Section        0  spaceinvaders.o(i.Update_Head_Direction)
    i.Update_Segment_Directions              0x00001d74   Section        0  spaceinvaders.o(i.Update_Segment_Directions)
    i.Update_Ship                            0x00001dcc   Section        0  spaceinvaders.o(i.Update_Ship)
    i.commandList                            0x00001e10   Section        0  st7735.o(i.commandList)
    commandList                              0x00001e11   Thumb Code    86  st7735.o(i.commandList)
    i.commonInit                             0x00001e68   Section        0  st7735.o(i.commonInit)
    commonInit                               0x00001e69   Thumb Code   340  st7735.o(i.commonInit)
    i.main                                   0x00001fec   Section        0  spaceinvaders.o(i.main)
    i.pushColor                              0x00002080   Section        0  st7735.o(i.pushColor)
    pushColor                                0x00002081   Thumb Code    18  st7735.o(i.pushColor)
    i.setAddrWindow                          0x00002094   Section        0  st7735.o(i.setAddrWindow)
    setAddrWindow                            0x00002095   Thumb Code   106  st7735.o(i.setAddrWindow)
    .constdata                               0x00002108   Section    43324  spaceinvaders.o(.constdata)
    .constdata                               0x0000ca44   Section     2018  st7735.o(.constdata)
    Font                                     0x0000ca44   Data        1275  st7735.o(.constdata)
    Bcmd                                     0x0000cf3f   Data         103  st7735.o(.constdata)
    Rcmd1                                    0x0000cfa6   Data          59  st7735.o(.constdata)
    Rcmd2green                               0x0000cfe1   Data          13  st7735.o(.constdata)
    Rcmd2red                                 0x0000cfee   Data          13  st7735.o(.constdata)
    Rcmd3                                    0x0000cffb   Data          43  st7735.o(.constdata)
    .constdata                               0x0000d226   Section      240  texas.o(.constdata)
    .data                                    0x20000000   Section        4  timer0.o(.data)
    .data                                    0x20000004   Section        4  timer1.o(.data)
    .data                                    0x20000008   Section     1320  sound.o(.data)
    .data                                    0x20000530   Section       60  spaceinvaders.o(.data)
    .data                                    0x2000056c   Section       44  st7735.o(.data)
    _width                                   0x20000576   Data           2  st7735.o(.data)
    _height                                  0x20000578   Data           2  st7735.o(.data)
    ColStart                                 0x20000580   Data           1  st7735.o(.data)
    RowStart                                 0x20000581   Data           1  st7735.o(.data)
    Rotation                                 0x20000582   Data           1  st7735.o(.data)
    TabColor                                 0x20000583   Data           1  st7735.o(.data)
    .data                                    0x20000598   Section       48  texas.o(.data)
    DATA                                     0x200005c8   Section        4  random.o(DATA)
    M                                        0x200005c8   Data           4  random.o(DATA)
    .bss                                     0x200005cc   Section      576  spaceinvaders.o(.bss)
    .bss                                     0x20000810   Section       56  texas.o(.bss)
    .bss                                     0x20000848   Section       96  libspace.o(.bss)
    HEAP                                     0x200008a8   Section        0  startup.o(HEAP)
    STACK                                    0x200008a8   Section     1024  startup.o(STACK)
    HeapMem                                  0x200008a8   Data           0  startup.o(HEAP)
    StackMem                                 0x200008a8   Data           0  startup.o(STACK)

    Global Symbols

    Symbol Name                              Value     Ov Type        Size  Object(Section)

    BuildAttributes$$THM_ISAv4$E$P$D$K$B$S$7EM$PE$A:L22UL41UL21$X:L11$S22US41US21$IEEE1$IW$USESV6$~STKCKD$USESV7$~SHL$OSPACE$ROPI$EBA8$UX$STANDARDLIB$REQ8$PRES8$EABIv2 0x00000000   Number         0  anon$$obj.o ABSOLUTE
    __ARM_use_no_argv                        0x00000000   Number         0  spaceinvaders.o ABSOLUTE
    __Vectors                                0x00000000   Data           0  startup.o(RESET)
    __ARM_exceptions_init                     - Undefined Weak Reference
    __alloca_initialize                       - Undefined Weak Reference
    __cpp_initialize__aeabi_                  - Undefined Weak Reference
    __cxa_finalize                            - Undefined Weak Reference
    __rt_locale                               - Undefined Weak Reference
    __sigvec_lookup                           - Undefined Weak Reference
    _atexit_init                              - Undefined Weak Reference
    _call_atexit_fns                          - Undefined Weak Reference
    _clock_init                               - Undefined Weak Reference
    _fp_trap_init                             - Undefined Weak Reference
    _fp_trap_shutdown                         - Undefined Weak Reference
    _get_lc_collate                           - Undefined Weak Reference
    _get_lc_ctype                             - Undefined Weak Reference
    _get_lc_monetary                          - Undefined Weak Reference
    _get_lc_numeric                           - Undefined Weak Reference
    _get_lc_time                              - Undefined Weak Reference
    _getenv_init                              - Undefined Weak Reference
    _handle_redirection                       - Undefined Weak Reference
    _init_alloc                               - Undefined Weak Reference
    _init_user_alloc                          - Undefined Weak Reference
    _initio                                   - Undefined Weak Reference
    _rand_init                                - Undefined Weak Reference
    _signal_finish                            - Undefined Weak Reference
    _signal_init                              - Undefined Weak Reference
    _terminate_alloc                          - Undefined Weak Reference
    _terminate_user_alloc                     - Undefined Weak Reference
    _terminateio                              - Undefined Weak Reference
    Reset_Handler                            0x0000026d   Thumb Code     0  startup.o(RESET)
    NMI_Handler                              0x00000271   Thumb Code     2  startup.o(RESET)
    HardFault_Handler                        0x00000273   Thumb Code     2  startup.o(RESET)
    MemManage_Handler                        0x00000275   Thumb Code     2  startup.o(RESET)
    BusFault_Handler                         0x00000277   Thumb Code     2  startup.o(RESET)
    UsageFault_Handler                       0x00000279   Thumb Code     2  startup.o(RESET)
    SVC_Handler                              0x0000027b   Thumb Code     2  startup.o(RESET)
    DebugMon_Handler                         0x0000027d   Thumb Code     2  startup.o(RESET)
    PendSV_Handler                           0x0000027f   Thumb Code     2  startup.o(RESET)
    ADC0Seq0_Handler                         0x00000283   Thumb Code     0  startup.o(RESET)
    ADC0Seq1_Handler                         0x00000283   Thumb Code     0  startup.o(RESET)
    ADC0Seq2_Handler                         0x00000283   Thumb Code     0  startup.o(RESET)
    ADC0Seq3_Handler                         0x00000283   Thumb Code     0  startup.o(RESET)
    ADC1Seq0_Handler                         0x00000283   Thumb Code     0  startup.o(RESET)
    ADC1Seq1_Handler                         0x00000283   Thumb Code     0  startup.o(RESET)
    ADC1Seq2_Handler                         0x00000283   Thumb Code     0  startup.o(RESET)
    ADC1Seq3_Handler                         0x00000283   Thumb Code     0  startup.o(RESET)
    CAN0_Handler                             0x00000283   Thumb Code     0  startup.o(RESET)
    CAN1_Handler                             0x00000283   Thumb Code     0  startup.o(RESET)
    CAN2_Handler                             0x00000283   Thumb Code     0  startup.o(RESET)
    Comp0_Handler                            0x00000283   Thumb Code     0  startup.o(RESET)
    Comp1_Handler                            0x00000283   Thumb Code     0  startup.o(RESET)
    Comp2_Handler                            0x00000283   Thumb Code     0  startup.o(RESET)
    Ethernet_Handler                         0x00000283   Thumb Code     0  startup.o(RESET)
    ExtBus_Handler                           0x00000283   Thumb Code     0  startup.o(RESET)
    FPU_Handler                              0x00000283   Thumb Code     0  startup.o(RESET)
    Fan0_Handler                             0x00000283   Thumb Code     0  startup.o(RESET)
    FlashCtl_Handler                         0x00000283   Thumb Code     0  startup.o(RESET)
    GPIOPortA_Handler                        0x00000283   Thumb Code     0  startup.o(RESET)
    GPIOPortB_Handler                        0x00000283   Thumb Code     0  startup.o(RESET)
    GPIOPortC_Handler                        0x00000283   Thumb Code     0  startup.o(RESET)
    GPIOPortD_Handler                        0x00000283   Thumb Code     0  startup.o(RESET)
    GPIOPortE_Handler                        0x00000283   Thumb Code     0  startup.o(RESET)
    GPIOPortF_Handler                        0x00000283   Thumb Code     0  startup.o(RESET)
    GPIOPortG_Handler                        0x00000283   Thumb Code     0  startup.o(RESET)
    GPIOPortH_Handler                        0x00000283   Thumb Code     0  startup.o(RESET)
    GPIOPortJ_Handler                        0x00000283   Thumb Code     0  startup.o(RESET)
    GPIOPortK_Handler                        0x00000283   Thumb Code     0  startup.o(RESET)
    GPIOPortL_Handler                        0x00000283   Thumb Code     0  startup.o(RESET)
    GPIOPortM_Handler                        0x00000283   Thumb Code     0  startup.o(RESET)
    GPIOPortN_Handler                        0x00000283   Thumb Code     0  startup.o(RESET)
    GPIOPortP1_Handler                       0x00000283   Thumb Code     0  startup.o(RESET)
    GPIOPortP2_Handler                       0x00000283   Thumb Code     0  startup.o(RESET)
    GPIOPortP3_Handler                       0x00000283   Thumb Code     0  startup.o(RESET)
    GPIOPortP4_Handler                       0x00000283   Thumb Code     0  startup.o(RESET)
    GPIOPortP5_Handler                       0x00000283   Thumb Code     0  startup.o(RESET)
    GPIOPortP6_Handler                       0x00000283   Thumb Code     0  startup.o(RESET)
    GPIOPortP7_Handler                       0x00000283   Thumb Code     0  startup.o(RESET)
    GPIOPortP_Handler                        0x00000283   Thumb Code     0  startup.o(RESET)
    GPIOPortQ1_Handler                       0x00000283   Thumb Code     0  startup.o(RESET)
    GPIOPortQ2_Handler                       0x00000283   Thumb Code     0  startup.o(RESET)
    GPIOPortQ3_Handler                       0x00000283   Thumb Code     0  startup.o(RESET)
    GPIOPortQ4_Handler                       0x00000283   Thumb Code     0  startup.o(RESET)
    GPIOPortQ5_Handler                       0x00000283   Thumb Code     0  startup.o(RESET)
    GPIOPortQ6_Handler                       0x00000283   Thumb Code     0  startup.o(RESET)
    GPIOPortQ7_Handler                       0x00000283   Thumb Code     0  startup.o(RESET)
    GPIOPortQ_Handler                        0x00000283   Thumb Code     0  startup.o(RESET)
    GPIOPortR_Handler                        0x00000283   Thumb Code     0  startup.o(RESET)
    GPIOPortS_Handler                        0x00000283   Thumb Code     0  startup.o(RESET)
    Hibernate_Handler                        0x00000283   Thumb Code     0  startup.o(RESET)
    I2C0_Handler                             0x00000283   Thumb Code     0  startup.o(RESET)
    I2C1_Handler                             0x00000283   Thumb Code     0  startup.o(RESET)
    I2C2_Handler                             0x00000283   Thumb Code     0  startup.o(RESET)
    I2C3_Handler                             0x00000283   Thumb Code     0  startup.o(RESET)
    I2C4_Handler                             0x00000283   Thumb Code     0  startup.o(RESET)
    I2C5_Handler                             0x00000283   Thumb Code     0  startup.o(RESET)
    I2S0_Handler                             0x00000283   Thumb Code     0  startup.o(RESET)
    LPC0_Handler                             0x00000283   Thumb Code     0  startup.o(RESET)
    PECI0_Handler                            0x00000283   Thumb Code     0  startup.o(RESET)
    PWM0Fault_Handler                        0x00000283   Thumb Code     0  startup.o(RESET)
    PWM0Generator0_Handler                   0x00000283   Thumb Code     0  startup.o(RESET)
    PWM0Generator1_Handler                   0x00000283   Thumb Code     0  startup.o(RESET)
    PWM0Generator2_Handler                   0x00000283   Thumb Code     0  startup.o(RESET)
    PWM0Generator3_Handler                   0x00000283   Thumb Code     0  startup.o(RESET)
    PWM1Fault_Handler                        0x00000283   Thumb Code     0  startup.o(RESET)
    PWM1Generator0_Handler                   0x00000283   Thumb Code     0  startup.o(RESET)
    PWM1Generator1_Handler                   0x00000283   Thumb Code     0  startup.o(RESET)
    PWM1Generator2_Handler                   0x00000283   Thumb Code     0  startup.o(RESET)
    PWM1Generator3_Handler                   0x00000283   Thumb Code     0  startup.o(RESET)
    Quadrature0_Handler                      0x00000283   Thumb Code     0  startup.o(RESET)
    Quadrature1_Handler                      0x00000283   Thumb Code     0  startup.o(RESET)
    Quadrature2_Handler                      0x00000283   Thumb Code     0  startup.o(RESET)
    SSI0_Handler                             0x00000283   Thumb Code     0  startup.o(RESET)
    SSI1_Handler                             0x00000283   Thumb Code     0  startup.o(RESET)
    SSI2_Handler                             0x00000283   Thumb Code     0  startup.o(RESET)
    SSI3_Handler                             0x00000283   Thumb Code     0  startup.o(RESET)
    SysCtl_Handler                           0x00000283   Thumb Code     0  startup.o(RESET)
    Timer0B_Handler                          0x00000283   Thumb Code     0  startup.o(RESET)
    Timer1B_Handler                          0x00000283   Thumb Code     0  startup.o(RESET)
    Timer2A_Handler                          0x00000283   Thumb Code     0  startup.o(RESET)
    Timer2B_Handler                          0x00000283   Thumb Code     0  startup.o(RESET)
    Timer3A_Handler                          0x00000283   Thumb Code     0  startup.o(RESET)
    Timer3B_Handler                          0x00000283   Thumb Code     0  startup.o(RESET)
    Timer4B_Handler                          0x00000283   Thumb Code     0  startup.o(RESET)
    Timer5B_Handler                          0x00000283   Thumb Code     0  startup.o(RESET)
    UART0_Handler                            0x00000283   Thumb Code     0  startup.o(RESET)
    UART1_Handler                            0x00000283   Thumb Code     0  startup.o(RESET)
    UART2_Handler                            0x00000283   Thumb Code     0  startup.o(RESET)
    UART3_Handler                            0x00000283   Thumb Code     0  startup.o(RESET)
    UART4_Handler                            0x00000283   Thumb Code     0  startup.o(RESET)
    UART5_Handler                            0x00000283   Thumb Code     0  startup.o(RESET)
    UART6_Handler                            0x00000283   Thumb Code     0  startup.o(RESET)
    UART7_Handler                            0x00000283   Thumb Code     0  startup.o(RESET)
    USB0_Handler                             0x00000283   Thumb Code     0  startup.o(RESET)
    WDT_Handler                              0x00000283   Thumb Code     0  startup.o(RESET)
    WideTimer0A_Handler                      0x00000283   Thumb Code     0  startup.o(RESET)
    WideTimer0B_Handler                      0x00000283   Thumb Code     0  startup.o(RESET)
    WideTimer1A_Handler                      0x00000283   Thumb Code     0  startup.o(RESET)
    WideTimer1B_Handler                      0x00000283   Thumb Code     0  startup.o(RESET)
    WideTimer2A_Handler                      0x00000283   Thumb Code     0  startup.o(RESET)
    WideTimer2B_Handler                      0x00000283   Thumb Code     0  startup.o(RESET)
    WideTimer3A_Handler                      0x00000283   Thumb Code     0  startup.o(RESET)
    WideTimer3B_Handler                      0x00000283   Thumb Code     0  startup.o(RESET)
    WideTimer4A_Handler                      0x00000283   Thumb Code     0  startup.o(RESET)
    WideTimer4B_Handler                      0x00000283   Thumb Code     0  startup.o(RESET)
    WideTimer5A_Handler                      0x00000283   Thumb Code     0  startup.o(RESET)
    WideTimer5B_Handler                      0x00000283   Thumb Code     0  startup.o(RESET)
    uDMA_Error                               0x00000283   Thumb Code     0  startup.o(RESET)
    uDMA_Handler                             0x00000283   Thumb Code     0  startup.o(RESET)
    __main                                   0x00000285   Thumb Code     8  __main.o(!!!main)
    __scatterload                            0x0000028d   Thumb Code     0  __scatter.o(!!!scatter)
    __scatterload_rt2                        0x0000028d   Thumb Code    44  __scatter.o(!!!scatter)
    __scatterload_rt2_thumb_only             0x0000028d   Thumb Code     0  __scatter.o(!!!scatter)
    __scatterload_null                       0x0000029b   Thumb Code     0  __scatter.o(!!!scatter)
    __decompress                             0x000002c1   Thumb Code   100  __dclz77c.o(!!dclz77c)
    __decompress2                            0x000002c1   Thumb Code     0  __dclz77c.o(!!dclz77c)
    __scatterload_zeroinit                   0x00000325   Thumb Code    28  __scatter_zi.o(!!handler_zi)
    __rt_lib_init                            0x00000341   Thumb Code     0  libinit.o(.ARM.Collect$$libinit$$00000000)
    __rt_lib_init_alloca_1                   0x00000343   Thumb Code     0  libinit2.o(.ARM.Collect$$libinit$$0000002C)
    __rt_lib_init_argv_1                     0x00000343   Thumb Code     0  libinit2.o(.ARM.Collect$$libinit$$0000002A)
    __rt_lib_init_atexit_1                   0x00000343   Thumb Code     0  libinit2.o(.ARM.Collect$$libinit$$00000019)
    __rt_lib_init_clock_1                    0x00000343   Thumb Code     0  libinit2.o(.ARM.Collect$$libinit$$0000001F)
    __rt_lib_init_cpp_1                      0x00000343   Thumb Code     0  libinit2.o(.ARM.Collect$$libinit$$00000030)
    __rt_lib_init_exceptions_1               0x00000343   Thumb Code     0  libinit2.o(.ARM.Collect$$libinit$$0000002E)
    __rt_lib_init_fp_1                       0x00000343   Thumb Code     0  libinit2.o(.ARM.Collect$$libinit$$00000002)
    __rt_lib_init_fp_trap_1                  0x00000343   Thumb Code     0  libinit2.o(.ARM.Collect$$libinit$$0000001D)
    __rt_lib_init_getenv_1                   0x00000343   Thumb Code     0  libinit2.o(.ARM.Collect$$libinit$$00000021)
    __rt_lib_init_heap_1                     0x00000343   Thumb Code     0  libinit2.o(.ARM.Collect$$libinit$$00000008)
    __rt_lib_init_lc_collate_1               0x00000343   Thumb Code     0  libinit2.o(.ARM.Collect$$libinit$$0000000F)
    __rt_lib_init_lc_ctype_1                 0x00000343   Thumb Code     0  libinit2.o(.ARM.Collect$$libinit$$00000011)
    __rt_lib_init_lc_monetary_1              0x00000343   Thumb Code     0  libinit2.o(.ARM.Collect$$libinit$$00000013)
    __rt_lib_init_lc_numeric_1               0x00000343   Thumb Code     0  libinit2.o(.ARM.Collect$$libinit$$00000015)
    __rt_lib_init_lc_time_1                  0x00000343   Thumb Code     0  libinit2.o(.ARM.Collect$$libinit$$00000017)
    __rt_lib_init_rand_1                     0x00000343   Thumb Code     0  libinit2.o(.ARM.Collect$$libinit$$0000000C)
    __rt_lib_init_return                     0x00000343   Thumb Code     0  libinit2.o(.ARM.Collect$$libinit$$00000031)
    __rt_lib_init_signal_1                   0x00000343   Thumb Code     0  libinit2.o(.ARM.Collect$$libinit$$0000001B)
    __rt_lib_init_stdio_1                    0x00000343   Thumb Code     0  libinit2.o(.ARM.Collect$$libinit$$00000023)
    __rt_lib_init_user_alloc_1               0x00000343   Thumb Code     0  libinit2.o(.ARM.Collect$$libinit$$0000000A)
    __rt_lib_shutdown                        0x00000345   Thumb Code     0  libshutdown.o(.ARM.Collect$$libshutdown$$00000000)
    __rt_lib_shutdown_fp_trap_1              0x00000347   Thumb Code     0  libshutdown2.o(.ARM.Collect$$libshutdown$$00000006)
    __rt_lib_shutdown_heap_1                 0x00000347   Thumb Code     0  libshutdown2.o(.ARM.Collect$$libshutdown$$0000000E)
    __rt_lib_shutdown_return                 0x00000347   Thumb Code     0  libshutdown2.o(.ARM.Collect$$libshutdown$$0000000F)
    __rt_lib_shutdown_signal_1               0x00000347   Thumb Code     0  libshutdown2.o(.ARM.Collect$$libshutdown$$00000009)
    __rt_lib_shutdown_stdio_1                0x00000347   Thumb Code     0  libshutdown2.o(.ARM.Collect$$libshutdown$$00000003)
    __rt_lib_shutdown_user_alloc_1           0x00000347   Thumb Code     0  libshutdown2.o(.ARM.Collect$$libshutdown$$0000000B)
    __rt_entry                               0x00000349   Thumb Code     0  rtentry.o(.ARM.Collect$$rtentry$$00000000)
    __rt_entry_presh_1                       0x00000349   Thumb Code     0  rtentry2.o(.ARM.Collect$$rtentry$$00000002)
    __rt_entry_sh                            0x00000349   Thumb Code     0  rtentry4.o(.ARM.Collect$$rtentry$$00000004)
    __rt_entry_li                            0x0000034f   Thumb Code     0  rtentry2.o(.ARM.Collect$$rtentry$$0000000A)
    __rt_entry_postsh_1                      0x0000034f   Thumb Code     0  rtentry2.o(.ARM.Collect$$rtentry$$00000009)
    __rt_entry_main                          0x00000353   Thumb Code     0  rtentry2.o(.ARM.Collect$$rtentry$$0000000D)
    __rt_entry_postli_1                      0x00000353   Thumb Code     0  rtentry2.o(.ARM.Collect$$rtentry$$0000000C)
    __rt_exit                                0x0000035b   Thumb Code     0  rtexit.o(.ARM.Collect$$rtexit$$00000000)
    __rt_exit_ls                             0x0000035d   Thumb Code     0  rtexit2.o(.ARM.Collect$$rtexit$$00000003)
    __rt_exit_prels_1                        0x0000035d   Thumb Code     0  rtexit2.o(.ARM.Collect$$rtexit$$00000002)
    __rt_exit_exit                           0x00000361   Thumb Code     0  rtexit2.o(.ARM.Collect$$rtexit$$00000004)
    DisableInterrupts                        0x00000369   Thumb Code     0  startup.o(.text)
    EnableInterrupts                         0x0000036d   Thumb Code     0  startup.o(.text)
    StartCritical                            0x00000371   Thumb Code     0  startup.o(.text)
    EndCritical                              0x00000379   Thumb Code     0  startup.o(.text)
    WaitForInterrupt                         0x0000037f   Thumb Code     0  startup.o(.text)
    __user_initial_stackheap                 0x00000383   Thumb Code     0  startup.o(.text)
    Random_Init                              0x00000399   Thumb Code     0  random.o(.text)
    Random32                                 0x0000039f   Thumb Code     2  random.o(.text)
    Random                                   0x000003b1   Thumb Code     2  random.o(.text)
    LCD_OutDec                               0x000003d5   Thumb Code     0  print.o(.text)
    LCD_OutFix                               0x0000045f   Thumb Code     0  print.o(.text)
    writecommand                             0x00000509   Thumb Code     0  lcd.o(.text)
    writedata                                0x00000541   Thumb Code     0  lcd.o(.text)
    ADC1_Init                                0x00000575   Thumb Code   170  texas.o(.text)
    SetCode                                  0x0000061f   Thumb Code    20  texas.o(.text)
    UART0_Init                               0x00000633   Thumb Code   162  texas.o(.text)
    SetCourse                                0x000006d5   Thumb Code    22  texas.o(.text)
    PLL_Init                                 0x000006eb   Thumb Code   118  texas.o(.text)
    TExaS_Init                               0x00000761   Thumb Code   282  texas.o(.text)
    StopTimer4                               0x0000087b   Thumb Code    16  texas.o(.text)
    StartTimer4                              0x0000088b   Thumb Code    24  texas.o(.text)
    Timer4A_Handler                          0x000008a3   Thumb Code    20  texas.o(.text)
    ADC1_In                                  0x000008b7   Thumb Code     6  texas.o(.text)
    Timer5A_Handler                          0x000008bd   Thumb Code    34  texas.o(.text)
    TExaS_Stop                               0x000008df   Thumb Code    18  texas.o(.text)
    copy                                     0x000008f1   Thumb Code    16  texas.o(.text)
    SetMode                                  0x00000901   Thumb Code    22  texas.o(.text)
    UART0_InChar                             0x00000917   Thumb Code    20  texas.o(.text)
    UART0_InCharNonBlocking                  0x0000092b   Thumb Code    22  texas.o(.text)
    UART0_OutChar                            0x00000941   Thumb Code   200  texas.o(.text)
    UART0_OutCharNonBlock                    0x00000a09   Thumb Code     6  texas.o(.text)
    __use_two_region_memory                  0x00000a15   Thumb Code     2  heapauxi.o(.text)
    __rt_heap_escrow$2region                 0x00000a17   Thumb Code     2  heapauxi.o(.text)
    __rt_heap_expand$2region                 0x00000a19   Thumb Code     2  heapauxi.o(.text)
    __user_setup_stackheap                   0x00000a1b   Thumb Code    74  sys_stackheap_outer.o(.text)
    exit                                     0x00000a65   Thumb Code    12  exit.o(.text)
    __user_libspace                          0x00000a71   Thumb Code     8  libspace.o(.text)
    __user_perproc_libspace                  0x00000a71   Thumb Code     0  libspace.o(.text)
    __user_perthread_libspace                0x00000a71   Thumb Code     0  libspace.o(.text)
    _sys_exit                                0x00000a79   Thumb Code     8  sys_exit.o(.text)
    __I$use$semihosting                      0x00000a85   Thumb Code     0  use_no_semi.o(.text)
    __use_no_semihosting_swi                 0x00000a85   Thumb Code     2  use_no_semi.o(.text)
    __semihosting_library_function           0x00000a87   Thumb Code     0  indicate_semi.o(.text)
    ADC_In                                   0x00000a89   Thumb Code    36  adc.o(i.ADC_In)
    ADC_Init                                 0x00000ab5   Thumb Code   186  adc.o(i.ADC_Init)
    Centipede_Init                           0x00000b8d   Thumb Code   166  spaceinvaders.o(i.Centipede_Init)
    Centipede_Move                           0x00000c45   Thumb Code   138  spaceinvaders.o(i.Centipede_Move)
    Centipede_Update                         0x00000cd5   Thumb Code   160  spaceinvaders.o(i.Centipede_Update)
    Collision_Detection                      0x00000d89   Thumb Code   206  spaceinvaders.o(i.Collision_Detection)
    Convert                                  0x00000e69   Thumb Code    22  spaceinvaders.o(i.Convert)
    DAC_Init                                 0x00000e81   Thumb Code    70  dac.o(i.DAC_Init)
    DAC_Out                                  0x00000ed1   Thumb Code    30  dac.o(i.DAC_Out)
    Delay100ms                               0x00000ef9   Thumb Code    30  spaceinvaders.o(i.Delay100ms)
    Delay1ms                                 0x00000f1d   Thumb Code    32  st7735.o(i.Delay1ms)
    Game_Active                              0x00000f3d   Thumb Code   246  spaceinvaders.o(i.Game_Active)
    Game_Lose                                0x00001065   Thumb Code    70  spaceinvaders.o(i.Game_Lose)
    Game_Win                                 0x000010e5   Thumb Code    74  spaceinvaders.o(i.Game_Win)
    Laser_Init                               0x00001171   Thumb Code    10  spaceinvaders.o(i.Laser_Init)
    Laser_Spawn                              0x00001181   Thumb Code    66  spaceinvaders.o(i.Laser_Spawn)
    Move_Laser                               0x000011d1   Thumb Code   332  spaceinvaders.o(i.Move_Laser)
    Mushroom_Init                            0x00001331   Thumb Code   294  spaceinvaders.o(i.Mushroom_Init)
    Mushroom_Update                          0x00001461   Thumb Code   240  spaceinvaders.o(i.Mushroom_Update)
    Output_Init                              0x00001569   Thumb Code    16  st7735.o(i.Output_Init)
    PortF_Init                               0x00001579   Thumb Code    64  spaceinvaders.o(i.PortF_Init)
    Render_Centipede                         0x000015c1   Thumb Code    54  spaceinvaders.o(i.Render_Centipede)
    ST7735_DrawBitmap                        0x000015fd   Thumb Code   280  st7735.o(i.ST7735_DrawBitmap)
    ST7735_DrawCharS                         0x0000171d   Thumb Code   232  st7735.o(i.ST7735_DrawCharS)
    ST7735_DrawPixel                         0x00001811   Thumb Code    64  st7735.o(i.ST7735_DrawPixel)
    ST7735_DrawString                        0x00001859   Thumb Code    86  st7735.o(i.ST7735_DrawString)
    ST7735_FillRect                          0x000018b1   Thumb Code   164  st7735.o(i.ST7735_FillRect)
    ST7735_FillScreen                        0x0000195d   Thumb Code    28  st7735.o(i.ST7735_FillScreen)
    ST7735_InitR                             0x00001981   Thumb Code    90  st7735.o(i.ST7735_InitR)
    ST7735_OutChar                           0x000019fd   Thumb Code   176  st7735.o(i.ST7735_OutChar)
    ST7735_OutString                         0x00001ad1   Thumb Code    24  st7735.o(i.ST7735_OutString)
    ST7735_SetCursor                         0x00001ae9   Thumb Code    22  st7735.o(i.ST7735_SetCursor)
    Ship_Init                                0x00001b09   Thumb Code    46  spaceinvaders.o(i.Ship_Init)
    Sound_Beat                               0x00001b41   Thumb Code    20  sound.o(i.Sound_Beat)
    Sound_Init                               0x00001b5d   Thumb Code    30  sound.o(i.Sound_Init)
    Sound_Laser                              0x00001b85   Thumb Code     2  sound.o(i.Sound_Laser)
    Sound_Play                               0x00001b89   Thumb Code    10  sound.o(i.Sound_Play)
    SysTick_Handler                          0x00001b9d   Thumb Code    54  spaceinvaders.o(i.SysTick_Handler)
    SysTick_Init                             0x00001be5   Thumb Code    58  systickints.o(i.SysTick_Init)
    Timer0A_Handler                          0x00001c25   Thumb Code    16  timer0.o(i.Timer0A_Handler)
    Timer1A_Handler                          0x00001c3d   Thumb Code    74  sound.o(i.Timer1A_Handler)
    Timer1_Init                              0x00001c9d   Thumb Code    76  timer1.o(i.Timer1_Init)
    Update_Head_Direction                    0x00001cfd   Thumb Code   106  spaceinvaders.o(i.Update_Head_Direction)
    Update_Segment_Directions                0x00001d75   Thumb Code    84  spaceinvaders.o(i.Update_Segment_Directions)
    Update_Ship                              0x00001dcd   Thumb Code    60  spaceinvaders.o(i.Update_Ship)
    main                                     0x00001fed   Thumb Code   128  spaceinvaders.o(i.main)
    cover                                    0x00002108   Data       40960  spaceinvaders.o(.constdata)
    Green0Hit                                0x0000c108   Data         128  spaceinvaders.o(.constdata)
    Green1Hit                                0x0000c188   Data         128  spaceinvaders.o(.constdata)
    Green2Hit                                0x0000c208   Data         128  spaceinvaders.o(.constdata)
    Green3Hit                                0x0000c288   Data         128  spaceinvaders.o(.constdata)
    MushroomBlackout                         0x0000c308   Data         128  spaceinvaders.o(.constdata)
    HeadGreen2left                           0x0000c388   Data         160  spaceinvaders.o(.constdata)
    BodyGreen2left                           0x0000c428   Data         160  spaceinvaders.o(.constdata)
    HeadGreen2down                           0x0000c4c8   Data         160  spaceinvaders.o(.constdata)
    BodyGreen2down                           0x0000c568   Data         160  spaceinvaders.o(.constdata)
    BodyGreen2right                          0x0000c608   Data         160  spaceinvaders.o(.constdata)
    HeadGreen2right                          0x0000c6a8   Data         160  spaceinvaders.o(.constdata)
    black                                    0x0000c748   Data         160  spaceinvaders.o(.constdata)
    PlayerShipGreen                          0x0000c7e8   Data         286  spaceinvaders.o(.constdata)
    ShipBlackout                             0x0000c906   Data         286  spaceinvaders.o(.constdata)
    LaserRed                                 0x0000ca24   Data          16  spaceinvaders.o(.constdata)
    LaserBlack                               0x0000ca34   Data          16  spaceinvaders.o(.constdata)
    dBfs                                     0x0000d026   Data         512  st7735.o(.constdata)
    InputPortMsg                             0x0000d226   Data          40  texas.o(.constdata)
    OutputPortMsg                            0x0000d24e   Data          40  texas.o(.constdata)
    BlankMsg                                 0x0000d276   Data          40  texas.o(.constdata)
    InitializedMsg                           0x0000d29e   Data          40  texas.o(.constdata)
    IntroMsg                                 0x0000d2c6   Data          40  texas.o(.constdata)
    DoneMsg                                  0x0000d2ee   Data          40  texas.o(.constdata)
    Region$$Table$$Base                      0x0000d318   Number         0  anon$$obj.o(Region$$Table)
    Region$$Table$$Limit                     0x0000d338   Number         0  anon$$obj.o(Region$$Table)
    PeriodicTask0                            0x20000000   Data           4  timer0.o(.data)
    PeriodicTask1                            0x20000004   Data           4  timer1.o(.data)
    Centipede_Beat                           0x20000008   Data        1304  sound.o(.data)
    Index                                    0x20000520   Data           4  sound.o(.data)
    repeat                                   0x20000524   Data           4  sound.o(.data)
    length                                   0x20000528   Data           4  sound.o(.data)
    array                                    0x2000052c   Data           4  sound.o(.data)
    Data                                     0x20000530   Data           4  spaceinvaders.o(.data)
    Position                                 0x20000534   Data           4  spaceinvaders.o(.data)
    ADCMail                                  0x20000538   Data           4  spaceinvaders.o(.data)
    ADCflag                                  0x2000053c   Data           4  spaceinvaders.o(.data)
    slider                                   0x20000540   Data           4  spaceinvaders.o(.data)
    size                                     0x20000544   Data           4  spaceinvaders.o(.data)
    laserhit                                 0x20000548   Data           4  spaceinvaders.o(.data)
    laserflag                                0x2000054c   Data           4  spaceinvaders.o(.data)
    score                                    0x20000550   Data           4  spaceinvaders.o(.data)
    theme                                    0x20000554   Data           1  spaceinvaders.o(.data)
    speed                                    0x20000558   Data           4  spaceinvaders.o(.data)
    left_wall_collision                      0x2000055c   Data           4  spaceinvaders.o(.data)
    right_wall_collision                     0x20000560   Data           4  spaceinvaders.o(.data)
    num_hits                                 0x20000564   Data           4  spaceinvaders.o(.data)
    diff_delay                               0x20000568   Data           4  spaceinvaders.o(.data)
    StX                                      0x2000056c   Data           4  st7735.o(.data)
    StY                                      0x20000570   Data           4  st7735.o(.data)
    StTextColor                              0x20000574   Data           2  st7735.o(.data)
    lastj                                    0x2000057c   Data           4  st7735.o(.data)
    Messageindex                             0x20000584   Data           4  st7735.o(.data)
    Ymax                                     0x20000588   Data           4  st7735.o(.data)
    Ymin                                     0x2000058c   Data           4  st7735.o(.data)
    X                                        0x20000590   Data           4  st7735.o(.data)
    Yrange                                   0x20000594   Data           4  st7735.o(.data)
    TExaS_Period                             0x20000598   Data           4  texas.o(.data)
    TExaS_Ports                              0x2000059c   Data           8  texas.o(.data)
    TExaS_Meter                              0x200005a4   Data           4  texas.o(.data)
    ADCnum                                   0x200005a8   Data           4  texas.o(.data)
    LastMode                                 0x200005ac   Data           4  texas.o(.data)
    bFlag                                    0x200005b0   Data           4  texas.o(.data)
    Count                                    0x200005b4   Data           4  texas.o(.data)
    DelayBetweenTests                        0x200005b8   Data           4  texas.o(.data)
    TExaS_Test                               0x200005bc   Data           4  texas.o(.data)
    ScopeMode                                0x200005c0   Data           4  texas.o(.data)
    ScopeCount                               0x200005c4   Data           4  texas.o(.data)
    Ship                                     0x200005cc   Data          16  spaceinvaders.o(.bss)
    Mushroom                                 0x200005dc   Data         320  spaceinvaders.o(.bss)
    Centipede                                0x2000071c   Data         224  spaceinvaders.o(.bss)
    Laser                                    0x200007fc   Data          16  spaceinvaders.o(.bss)
    TExaS                                    0x20000810   Data          56  texas.o(.bss)
    __libspace_start                         0x20000848   Data          96  libspace.o(.bss)
    __temporary_stack_top$libspace           0x200008a8   Data           0  libspace.o(.bss)



==============================================================================

Memory Map of the image

  Image Entry point : 0x0000026d

  Load Region LR_1 (Base: 0x00000000, Size: 0x0000d904, Max: 0xffffffff, ABSOLUTE, COMPRESSED[0x0000d3ac])

    Execution Region ER_RO (Base: 0x00000000, Size: 0x0000d338, Max: 0xffffffff, ABSOLUTE)

    Base Addr    Size         Type   Attr      Idx    E Section Name        Object

    0x00000000   0x00000284   Code   RO            3  * RESET               startup.o
    0x00000284   0x00000008   Code   RO          624  * !!!main             c_w.l(__main.o)
    0x0000028c   0x00000034   Code   RO          780    !!!scatter          c_w.l(__scatter.o)
    0x000002c0   0x00000064   Code   RO          778    !!dclz77c           c_w.l(__dclz77c.o)
    0x00000324   0x0000001c   Code   RO          782    !!handler_zi        c_w.l(__scatter_zi.o)
    0x00000340   0x00000002   Code   RO          651    .ARM.Collect$$libinit$$00000000  c_w.l(libinit.o)
    0x00000342   0x00000000   Code   RO          658    .ARM.Collect$$libinit$$00000002  c_w.l(libinit2.o)
    0x00000342   0x00000000   Code   RO          661    .ARM.Collect$$libinit$$00000008  c_w.l(libinit2.o)
    0x00000342   0x00000000   Code   RO          663    .ARM.Collect$$libinit$$0000000A  c_w.l(libinit2.o)
    0x00000342   0x00000000   Code   RO          665    .ARM.Collect$$libinit$$0000000C  c_w.l(libinit2.o)
    0x00000342   0x00000000   Code   RO          668    .ARM.Collect$$libinit$$0000000F  c_w.l(libinit2.o)
    0x00000342   0x00000000   Code   RO          670    .ARM.Collect$$libinit$$00000011  c_w.l(libinit2.o)
    0x00000342   0x00000000   Code   RO          672    .ARM.Collect$$libinit$$00000013  c_w.l(libinit2.o)
    0x00000342   0x00000000   Code   RO          674    .ARM.Collect$$libinit$$00000015  c_w.l(libinit2.o)
    0x00000342   0x00000000   Code   RO          676    .ARM.Collect$$libinit$$00000017  c_w.l(libinit2.o)
    0x00000342   0x00000000   Code   RO          678    .ARM.Collect$$libinit$$00000019  c_w.l(libinit2.o)
    0x00000342   0x00000000   Code   RO          680    .ARM.Collect$$libinit$$0000001B  c_w.l(libinit2.o)
    0x00000342   0x00000000   Code   RO          682    .ARM.Collect$$libinit$$0000001D  c_w.l(libinit2.o)
    0x00000342   0x00000000   Code   RO          684    .ARM.Collect$$libinit$$0000001F  c_w.l(libinit2.o)
    0x00000342   0x00000000   Code   RO          686    .ARM.Collect$$libinit$$00000021  c_w.l(libinit2.o)
    0x00000342   0x00000000   Code   RO          688    .ARM.Collect$$libinit$$00000023  c_w.l(libinit2.o)
    0x00000342   0x00000000   Code   RO          692    .ARM.Collect$$libinit$$0000002A  c_w.l(libinit2.o)
    0x00000342   0x00000000   Code   RO          694    .ARM.Collect$$libinit$$0000002C  c_w.l(libinit2.o)
    0x00000342   0x00000000   Code   RO          696    .ARM.Collect$$libinit$$0000002E  c_w.l(libinit2.o)
    0x00000342   0x00000000   Code   RO          698    .ARM.Collect$$libinit$$00000030  c_w.l(libinit2.o)
    0x00000342   0x00000002   Code   RO          699    .ARM.Collect$$libinit$$00000031  c_w.l(libinit2.o)
    0x00000344   0x00000002   Code   RO          719    .ARM.Collect$$libshutdown$$00000000  c_w.l(libshutdown.o)
    0x00000346   0x00000000   Code   RO          733    .ARM.Collect$$libshutdown$$00000003  c_w.l(libshutdown2.o)
    0x00000346   0x00000000   Code   RO          736    .ARM.Collect$$libshutdown$$00000006  c_w.l(libshutdown2.o)
    0x00000346   0x00000000   Code   RO          739    .ARM.Collect$$libshutdown$$00000009  c_w.l(libshutdown2.o)
    0x00000346   0x00000000   Code   RO          741    .ARM.Collect$$libshutdown$$0000000B  c_w.l(libshutdown2.o)
    0x00000346   0x00000000   Code   RO          744    .ARM.Collect$$libshutdown$$0000000E  c_w.l(libshutdown2.o)
    0x00000346   0x00000002   Code   RO          745    .ARM.Collect$$libshutdown$$0000000F  c_w.l(libshutdown2.o)
    0x00000348   0x00000000   Code   RO          626    .ARM.Collect$$rtentry$$00000000  c_w.l(rtentry.o)
    0x00000348   0x00000000   Code   RO          628    .ARM.Collect$$rtentry$$00000002  c_w.l(rtentry2.o)
    0x00000348   0x00000006   Code   RO          640    .ARM.Collect$$rtentry$$00000004  c_w.l(rtentry4.o)
    0x0000034e   0x00000000   Code   RO          630    .ARM.Collect$$rtentry$$00000009  c_w.l(rtentry2.o)
    0x0000034e   0x00000004   Code   RO          631    .ARM.Collect$$rtentry$$0000000A  c_w.l(rtentry2.o)
    0x00000352   0x00000000   Code   RO          633    .ARM.Collect$$rtentry$$0000000C  c_w.l(rtentry2.o)
    0x00000352   0x00000008   Code   RO          634    .ARM.Collect$$rtentry$$0000000D  c_w.l(rtentry2.o)
    0x0000035a   0x00000002   Code   RO          655    .ARM.Collect$$rtexit$$00000000  c_w.l(rtexit.o)
    0x0000035c   0x00000000   Code   RO          701    .ARM.Collect$$rtexit$$00000002  c_w.l(rtexit2.o)
    0x0000035c   0x00000004   Code   RO          702    .ARM.Collect$$rtexit$$00000003  c_w.l(rtexit2.o)
    0x00000360   0x00000006   Code   RO          703    .ARM.Collect$$rtexit$$00000004  c_w.l(rtexit2.o)
    0x00000366   0x00000002   PAD
    0x00000368   0x00000030   Code   RO            4    .text               startup.o
    0x00000398   0x0000003c   Code   RO           13    .text               random.o
    0x000003d4   0x00000134   Code   RO           16    .text               print.o
    0x00000508   0x0000006c   Code   RO           19    .text               lcd.o
    0x00000574   0x000004a0   Code   RO          603    .text               texas.o
    0x00000a14   0x00000006   Code   RO          622    .text               c_w.l(heapauxi.o)
    0x00000a1a   0x0000004a   Code   RO          642    .text               c_w.l(sys_stackheap_outer.o)
    0x00000a64   0x0000000c   Code   RO          644    .text               c_w.l(exit.o)
    0x00000a70   0x00000008   Code   RO          652    .text               c_w.l(libspace.o)
    0x00000a78   0x0000000c   Code   RO          711    .text               c_w.l(sys_exit.o)
    0x00000a84   0x00000002   Code   RO          722    .text               c_w.l(use_no_semi.o)
    0x00000a86   0x00000000   Code   RO          724    .text               c_w.l(indicate_semi.o)
    0x00000a86   0x00000002   PAD
    0x00000a88   0x0000002c   Code   RO           47    i.ADC_In            adc.o
    0x00000ab4   0x000000d8   Code   RO           48    i.ADC_Init          adc.o
    0x00000b8c   0x000000b8   Code   RO          179    i.Centipede_Init    spaceinvaders.o
    0x00000c44   0x00000090   Code   RO          180    i.Centipede_Move    spaceinvaders.o
    0x00000cd4   0x000000b4   Code   RO          181    i.Centipede_Update  spaceinvaders.o
    0x00000d88   0x000000e0   Code   RO          182    i.Collision_Detection  spaceinvaders.o
    0x00000e68   0x00000016   Code   RO          183    i.Convert           spaceinvaders.o
    0x00000e7e   0x00000002   PAD
    0x00000e80   0x00000050   Code   RO           22    i.DAC_Init          dac.o
    0x00000ed0   0x00000028   Code   RO           23    i.DAC_Out           dac.o
    0x00000ef8   0x00000024   Code   RO          184    i.Delay100ms        spaceinvaders.o
    0x00000f1c   0x00000020   Code   RO          328    i.Delay1ms          st7735.o
    0x00000f3c   0x00000128   Code   RO          185    i.Game_Active       spaceinvaders.o
    0x00001064   0x00000080   Code   RO          186    i.Game_Lose         spaceinvaders.o
    0x000010e4   0x0000008c   Code   RO          187    i.Game_Win          spaceinvaders.o
    0x00001170   0x00000010   Code   RO          188    i.Laser_Init        spaceinvaders.o
    0x00001180   0x00000050   Code   RO          189    i.Laser_Spawn       spaceinvaders.o
    0x000011d0   0x00000160   Code   RO          190    i.Move_Laser        spaceinvaders.o
    0x00001330   0x00000130   Code   RO          191    i.Mushroom_Init     spaceinvaders.o
    0x00001460   0x00000108   Code   RO          192    i.Mushroom_Update   spaceinvaders.o
    0x00001568   0x00000010   Code   RO          331    i.Output_Init       st7735.o
    0x00001578   0x00000048   Code   RO          193    i.PortF_Init        spaceinvaders.o
    0x000015c0   0x0000003c   Code   RO          194    i.Render_Centipede  spaceinvaders.o
    0x000015fc   0x00000120   Code   RO          335    i.ST7735_DrawBitmap  st7735.o
    0x0000171c   0x000000f4   Code   RO          337    i.ST7735_DrawCharS  st7735.o
    0x00001810   0x00000048   Code   RO          340    i.ST7735_DrawPixel  st7735.o
    0x00001858   0x00000056   Code   RO          341    i.ST7735_DrawString  st7735.o
    0x000018ae   0x00000002   PAD
    0x000018b0   0x000000ac   Code   RO          342    i.ST7735_FillRect   st7735.o
    0x0000195c   0x00000024   Code   RO          343    i.ST7735_FillScreen  st7735.o
    0x00001980   0x0000007c   Code   RO          345    i.ST7735_InitR      st7735.o
    0x000019fc   0x000000d4   Code   RO          347    i.ST7735_OutChar    st7735.o
    0x00001ad0   0x00000018   Code   RO          348    i.ST7735_OutString  st7735.o
    0x00001ae8   0x00000020   Code   RO          358    i.ST7735_SetCursor  st7735.o
    0x00001b08   0x00000038   Code   RO          195    i.Ship_Init         spaceinvaders.o
    0x00001b40   0x0000001c   Code   RO          101    i.Sound_Beat        sound.o
    0x00001b5c   0x00000028   Code   RO          108    i.Sound_Init        sound.o
    0x00001b84   0x00000002   Code   RO          109    i.Sound_Laser       sound.o
    0x00001b86   0x00000002   PAD
    0x00001b88   0x00000014   Code   RO          110    i.Sound_Play        sound.o
    0x00001b9c   0x00000048   Code   RO          196    i.SysTick_Handler   spaceinvaders.o
    0x00001be4   0x00000040   Code   RO          591    i.SysTick_Init      systickints.o
    0x00001c24   0x00000018   Code   RO           65    i.Timer0A_Handler   timer0.o
    0x00001c3c   0x00000060   Code   RO          111    i.Timer1A_Handler   sound.o
    0x00001c9c   0x00000060   Code   RO           86    i.Timer1_Init       timer1.o
    0x00001cfc   0x00000078   Code   RO          197    i.Update_Head_Direction  spaceinvaders.o
    0x00001d74   0x00000058   Code   RO          198    i.Update_Segment_Directions  spaceinvaders.o
    0x00001dcc   0x00000044   Code   RO          199    i.Update_Ship       spaceinvaders.o
    0x00001e10   0x00000056   Code   RO          362    i.commandList       st7735.o
    0x00001e66   0x00000002   PAD
    0x00001e68   0x00000184   Code   RO          363    i.commonInit        st7735.o
    0x00001fec   0x00000094   Code   RO          200    i.main              spaceinvaders.o
    0x00002080   0x00000012   Code   RO          368    i.pushColor         st7735.o
    0x00002092   0x00000002   PAD
    0x00002094   0x00000074   Code   RO          369    i.setAddrWindow     st7735.o
    0x00002108   0x0000a93c   Data   RO          202    .constdata          spaceinvaders.o
    0x0000ca44   0x000007e2   Data   RO          371    .constdata          st7735.o
    0x0000d226   0x000000f0   Data   RO          605    .constdata          texas.o
    0x0000d316   0x00000002   PAD
    0x0000d318   0x00000020   Data   RO          776    Region$$Table       anon$$obj.o


    Execution Region ER_RW (Base: 0x20000000, Size: 0x000005cc, Max: 0xffffffff, ABSOLUTE, COMPRESSED[0x00000074])

    Base Addr    Size         Type   Attr      Idx    E Section Name        Object

    0x20000000   0x00000004   Data   RW           67    .data               timer0.o
    0x20000004   0x00000004   Data   RW           87    .data               timer1.o
    0x20000008   0x00000528   Data   RW          112    .data               sound.o
    0x20000530   0x0000003c   Data   RW          203    .data               spaceinvaders.o
    0x2000056c   0x0000002c   Data   RW          372    .data               st7735.o
    0x20000598   0x00000030   Data   RW          606    .data               texas.o
    0x200005c8   0x00000004   Data   RW           12    DATA                random.o


    Execution Region ER_ZI (Base: 0x200005cc, Size: 0x000006dc, Max: 0xffffffff, ABSOLUTE)

    Base Addr    Size         Type   Attr      Idx    E Section Name        Object

    0x200005cc   0x00000240   Zero   RW          201    .bss                spaceinvaders.o
    0x2000080c   0x00000004   PAD
    0x20000810   0x00000038   Zero   RW          604    .bss                texas.o
    0x20000848   0x00000060   Zero   RW          653    .bss                c_w.l(libspace.o)
    0x200008a8   0x00000000   Zero   RW            2    HEAP                startup.o
    0x200008a8   0x00000400   Zero   RW            1    STACK               startup.o


==============================================================================

Image component sizes


      Code (inc. data)   RO Data    RW Data    ZI Data      Debug   Object Name

       260         38          0          0          0        820   adc.o
       120         20          0          0          0       4953   dac.o
       108         12          0          0          0        220   lcd.o
       308          2          0          0          0        280   print.o
        60         14          0          4          0        208   random.o
       186         50          0       1320          0       2630   sound.o
      3054        404      43324         60        576      14538   spaceinvaders.o
      1946        182       2018         44          0      12360   st7735.o
       692        632          0          0       1024        916   startup.o
        64          6          0          0          0        475   systickints.o
      1184        188        240         48         56      14668   texas.o
        24          8          0          4          0        842   timer0.o
        96         20          0          4          0        922   timer1.o

    ----------------------------------------------------------------------
      8112       1576      45616       1484       1660      53832   Object Totals
         0          0         32          0          0          0   (incl. Generated)
        10          0          2          0          4          0   (incl. Padding)

    ----------------------------------------------------------------------

      Code (inc. data)   RO Data    RW Data    ZI Data      Debug   Library Member Name

       100          0          0          0          0          0   __dclz77c.o
         8          0          0          0          0         68   __main.o
        52          8          0          0          0          0   __scatter.o
        28          0          0          0          0          0   __scatter_zi.o
        12          0          0          0          0         72   exit.o
         6          0          0          0          0        152   heapauxi.o
         0          0          0          0          0          0   indicate_semi.o
         2          0          0          0          0          0   libinit.o
         2          0          0          0          0          0   libinit2.o
         2          0          0          0          0          0   libshutdown.o
         2          0          0          0          0          0   libshutdown2.o
         8          4          0          0         96         68   libspace.o
         0          0          0          0          0          0   rtentry.o
        12          0          0          0          0          0   rtentry2.o
         6          0          0          0          0          0   rtentry4.o
         2          0          0          0          0          0   rtexit.o
        10          0          0          0          0          0   rtexit2.o
        12          4          0          0          0         68   sys_exit.o
        74          0          0          0          0         80   sys_stackheap_outer.o
         2          0          0          0          0         68   use_no_semi.o

    ----------------------------------------------------------------------
       344         16          0          0         96        576   Library Totals
         4          0          0          0          0          0   (incl. Padding)

    ----------------------------------------------------------------------

      Code (inc. data)   RO Data    RW Data    ZI Data      Debug   Library Name

       340         16          0          0         96        576   c_w.l

    ----------------------------------------------------------------------
       344         16          0          0         96        576   Library Totals

    ----------------------------------------------------------------------

==============================================================================


      Code (inc. data)   RO Data    RW Data    ZI Data      Debug   

      8456       1592      45616       1484       1756      51548   Grand Totals
      8456       1592      45616        116       1756      51548   ELF Image Totals (compressed)
      8456       1592      45616        116          0          0   ROM Totals

==============================================================================

    Total RO  Size (Code + RO Data)                54072 (  52.80kB)
    Total RW  Size (RW Data + ZI Data)              3240 (   3.16kB)
    Total ROM Size (Code + RO Data + RW Data)      54188 (  52.92kB)

==============================================================================

